 capldll

 Timestamp is 5cce831a (Sun May 05 14:30:50 2019)

 Preferred load address is 10000000

 Start         Length     Name                   Class
 0001:00000000 0000023dH .text$di                CODE
 0001:00000240 00056bfcH .text$mn                CODE
 0001:00056e40 00000d73H .text$x                 CODE
 0001:00057bc0 0000008fH .text$yd                CODE
 0002:00000000 00000154H .idata$5                DATA
 0002:00000154 00000004H .CRT$XCA                DATA
 0002:00000158 00000004H .CRT$XCC                DATA
 0002:0000015c 0000004cH .CRT$XCU                DATA
 0002:000001a8 00000004H .CRT$XCZ                DATA
 0002:000001ac 00000004H .CRT$XIA                DATA
 0002:000001b0 00000010H .CRT$XIC                DATA
 0002:000001c0 00000004H .CRT$XIZ                DATA
 0002:000001c4 00000004H .CRT$XPA                DATA
 0002:000001c8 00000008H .CRT$XPX                DATA
 0002:000001d0 00000004H .CRT$XPXA               DATA
 0002:000001d4 00000004H .CRT$XPZ                DATA
 0002:000001d8 00000004H .CRT$XTA                DATA
 0002:000001dc 00000004H .CRT$XTZ                DATA
 0002:000001e0 000108c8H .rdata                  DATA
 0002:00010aa8 00000090H .rdata$debug            DATA
 0002:00010b38 0000077cH .rdata$r                DATA
 0002:000112c0 00000104H .rdata$sxdata           DATA
 0002:000113c4 00000004H .rtc$IAA                DATA
 0002:000113c8 00000004H .rtc$IZZ                DATA
 0002:000113cc 00000004H .rtc$TAA                DATA
 0002:000113d0 00000004H .rtc$TZZ                DATA
 0002:000113d8 00001a1cH .xdata$x                DATA
 0002:00012e00 00000131H .edata                  DATA
 0002:00012f34 00000028H .idata$2                DATA
 0002:00012f5c 00000014H .idata$3                DATA
 0002:00012f70 00000154H .idata$4                DATA
 0002:000130c4 0000061eH .idata$6                DATA
 0003:00000000 00002248H .data                   DATA
 0003:00002248 0000031fH .data$r                 DATA
 0003:00002580 00002128H .bss                    DATA
 0004:00000000 00000058H .rsrc$01                DATA
 0004:00000060 00000180H .rsrc$02                DATA

  Address         Publics by Value              Rva+Base       Lib:Object

 0000:00000000       ___guard_fids_count        00000000     <absolute>
 0000:00000000       ___guard_flags             00000000     <absolute>
 0000:00000000       ___guard_fids_table        00000000     <absolute>
 0000:00000000       __except_list              00000000     <absolute>
 0000:00000041       ___safe_se_handler_count   00000041     <absolute>
 0000:00000000       ___ImageBase               10000000     <linker-defined>
 0001:00000240       _VIARegisterCDLL@4         10001240 f   capldll.obj
 0001:00000290       ??0CaplInstanceData@@QAE@PAVVIACapl@@@Z 10001290 f   capldll.obj
 0001:000002e0       ?GetCallbackFunctions@CaplInstanceData@@QAEXXZ 100012e0 f   capldll.obj
 0001:00000390       ?ReleaseCallbackFunctions@CaplInstanceData@@QAEXXZ 10001390 f   capldll.obj
 0001:00000460       ?ShowValue@CaplInstanceData@@QAEKK@Z 10001460 f   capldll.obj
 0001:000004b0       ?ShowDates@CaplInstanceData@@QAEKFKF@Z 100014b0 f   capldll.obj
 0001:00000540       ?DllInfo@CaplInstanceData@@QAEXPAD@Z 10001540 f   capldll.obj
 0001:000005d0       ?ArrayValues@CaplInstanceData@@QAEXKKQAEE@Z 100015d0 f   capldll.obj
 0001:00000670       ?DllVersion@CaplInstanceData@@QAEXPAD@Z 10001670 f   capldll.obj
 0001:00000830       ?GetCaplInstanceData@@YAPAVCaplInstanceData@@K@Z 10001830 f   capldll.obj
 0001:00000910       ?appInit@@YGXK@Z           10001910 f   capldll.obj
 0001:00000a80       ?appEnd@@YGXK@Z            10001a80 f   capldll.obj
 0001:00000ae0       ?ClearAll@@YAXXZ           10001ae0 f   capldll.obj
 0001:00000c30       ?appCrc16@@YGJQAEJ@Z       10001c30 f   capldll.obj
 0001:00000cb0       ?appGetMAC@@YAHXZ          10001cb0 f   capldll.obj
 0001:00000ef0       ?appGetMac1@@YGJXZ         10001ef0 f   capldll.obj
 0001:00000f10       ?appGetMac2@@YGJXZ         10001f10 f   capldll.obj
 0001:00000f30       ?appSubtract@@YGJJJ@Z      10001f30 f   capldll.obj
 0001:00000f50       _DllMain@12                10001f50 f   capldll.obj
 0001:00001010       ??$?0AAV?$_Tree_iterator@V?$_Tree_val@U?$_Tree_simple_types@U?$pair@$$CBKPAVCaplInstanceData@@@std@@@std@@@std@@@std@@AAV01@X@?$pair@V?$_Tree_iterator@V?$_Tree_val@U?$_Tree_simple_types@U?$pair@$$CBKPAVCaplInstanceData@@@std@@@std@@@std@@@std@@V12@@std@@QAE@AAV?$_Tree_iterator@V?$_Tree_val@U?$_Tree_simple_types@U?$pair@$$CBKPAVCaplInstanceData@@@std@@@std@@@std@@@1@0@Z 10002010 f i capldll.obj
 0001:00001090       ??$?0AAV?$_Tree_iterator@V?$_Tree_val@U?$_Tree_simple_types@U?$pair@$$CBKPAVCaplInstanceData@@@std@@@std@@@std@@@std@@_NX@?$pair@V?$_Tree_iterator@V?$_Tree_val@U?$_Tree_simple_types@U?$pair@$$CBKPAVCaplInstanceData@@@std@@@std@@@std@@@std@@_N@std@@QAE@AAV?$_Tree_iterator@V?$_Tree_val@U?$_Tree_simple_types@U?$pair@$$CBKPAVCaplInstanceData@@@std@@@std@@@std@@@1@$$QA_N@Z 10002090 f i capldll.obj
 0001:00001110       ??$?0AAV?$_Tree_iterator@V?$_Tree_val@U?$_Tree_simple_types@U?$pair@$$CBKPAVVIACapl@@@std@@@std@@@std@@@std@@_NX@?$pair@V?$_Tree_iterator@V?$_Tree_val@U?$_Tree_simple_types@U?$pair@$$CBKPAVVIACapl@@@std@@@std@@@std@@@std@@_N@std@@QAE@AAV?$_Tree_iterator@V?$_Tree_val@U?$_Tree_simple_types@U?$pair@$$CBKPAVVIACapl@@@std@@@std@@@std@@@1@$$QA_N@Z 10002110 f i capldll.obj
 0001:00001190       ??$?0ABK$$$V@?$pair@$$CBKPAVCaplInstanceData@@@std@@QAE@Upiecewise_construct_t@1@V?$tuple@ABK@1@V?$tuple@$$$V@1@@Z 10002190 f i capldll.obj
 0001:000011d0       ??$?0ABK$$$V@?$pair@$$CBKPAVVIACapl@@@std@@QAE@Upiecewise_construct_t@1@V?$tuple@ABK@1@V?$tuple@$$$V@1@@Z 100021d0 f i capldll.obj
 0001:00001210       ??$?0ABK@?$_Tuple_val@ABK@std@@QAE@ABK@Z 10002210 f i capldll.obj
 0001:00001240       ??$?0ABKPAPAX@?$tuple@ABK@std@@QAE@$$QAV01@@Z 10002240 f i capldll.obj
 0001:00001290       ??$?0U?$_Tree_node@U?$pair@$$CBKPAVCaplInstanceData@@@std@@PAX@std@@@?$allocator@U_Container_proxy@std@@@std@@QAE@ABV?$allocator@U?$_Tree_node@U?$pair@$$CBKPAVCaplInstanceData@@@std@@PAX@std@@@1@@Z 10002290 f i capldll.obj
 0001:000012a0       ??$?0U?$_Tree_node@U?$pair@$$CBKPAVVIACapl@@@std@@PAX@std@@@?$allocator@U_Container_proxy@std@@@std@@QAE@ABV?$allocator@U?$_Tree_node@U?$pair@$$CBKPAVVIACapl@@@std@@PAX@std@@@1@@Z 100022a0 f i capldll.obj
 0001:000012b0       ??$?0U?$_Wrap_alloc@V?$allocator@U?$_Tree_node@U?$pair@$$CBKPAVCaplInstanceData@@@std@@PAX@std@@@std@@@std@@@?$_Wrap_alloc@V?$allocator@U_Container_proxy@std@@@std@@@std@@QAE@ABU?$_Wrap_alloc@V?$allocator@U?$_Tree_node@U?$pair@$$CBKPAVCaplInstanceData@@@std@@PAX@std@@@std@@@1@@Z 100022b0 f i capldll.obj
 0001:000012d0       ??$?0U?$_Wrap_alloc@V?$allocator@U?$_Tree_node@U?$pair@$$CBKPAVVIACapl@@@std@@PAX@std@@@std@@@std@@@?$_Wrap_alloc@V?$allocator@U_Container_proxy@std@@@std@@@std@@QAE@ABU?$_Wrap_alloc@V?$allocator@U?$_Tree_node@U?$pair@$$CBKPAVVIACapl@@@std@@PAX@std@@@std@@@1@@Z 100022d0 f i capldll.obj
 0001:000012f0       ??$?0V?$_Tree_iterator@V?$_Tree_val@U?$_Tree_simple_types@U?$pair@$$CBKPAVCaplInstanceData@@@std@@@std@@@std@@@std@@_NX@?$pair@V?$_Tree_iterator@V?$_Tree_val@U?$_Tree_simple_types@U?$pair@$$CBKPAVCaplInstanceData@@@std@@@std@@@std@@@std@@_N@std@@QAE@$$QAV?$_Tree_iterator@V?$_Tree_val@U?$_Tree_simple_types@U?$pair@$$CBKPAVCaplInstanceData@@@std@@@std@@@std@@@1@$$QA_N@Z 100022f0 f i capldll.obj
 0001:00001370       ??$?0V?$_Tree_iterator@V?$_Tree_val@U?$_Tree_simple_types@U?$pair@$$CBKPAVVIACapl@@@std@@@std@@@std@@@std@@_NX@?$pair@V?$_Tree_iterator@V?$_Tree_val@U?$_Tree_simple_types@U?$pair@$$CBKPAVVIACapl@@@std@@@std@@@std@@@std@@_N@std@@QAE@$$QAV?$_Tree_iterator@V?$_Tree_val@U?$_Tree_simple_types@U?$pair@$$CBKPAVVIACapl@@@std@@@std@@@std@@@1@$$QA_N@Z 10002370 f i capldll.obj
 0001:000013f0       ??$?0V?$tuple@ABK@std@@V?$tuple@$$$V@1@$0A@$S@?$pair@$$CBKPAVCaplInstanceData@@@std@@QAE@AAV?$tuple@ABK@1@AAV?$tuple@$$$V@1@U?$_Arg_idx@$0A@@1@U?$_Arg_idx@$S@1@@Z 100023f0 f i capldll.obj
 0001:00001430       ??$?0V?$tuple@ABK@std@@V?$tuple@$$$V@1@$0A@$S@?$pair@$$CBKPAVVIACapl@@@std@@QAE@AAV?$tuple@ABK@1@AAV?$tuple@$$$V@1@U?$_Arg_idx@$0A@@1@U?$_Arg_idx@$S@1@@Z 10002430 f i capldll.obj
 0001:00001470       ??$_Allocate@U?$_Tree_node@U?$pair@$$CBKPAVCaplInstanceData@@@std@@PAX@std@@@std@@YAPAU?$_Tree_node@U?$pair@$$CBKPAVCaplInstanceData@@@std@@PAX@0@IPAU10@@Z 10002470 f i capldll.obj
 0001:000014b0       ??$_Allocate@U?$_Tree_node@U?$pair@$$CBKPAVVIACapl@@@std@@PAX@std@@@std@@YAPAU?$_Tree_node@U?$pair@$$CBKPAVVIACapl@@@std@@PAX@0@IPAU10@@Z 100024b0 f i capldll.obj
 0001:000014f0       ??$_Allocate@U_Container_proxy@std@@@std@@YAPAU_Container_proxy@0@IPAU10@@Z 100024f0 f i capldll.obj
 0001:00001530       ??$_Buynode@ABUpiecewise_construct_t@std@@V?$tuple@ABK@2@V?$tuple@$$$V@2@@?$_Tree_buy@U?$pair@$$CBKPAVCaplInstanceData@@@std@@V?$allocator@U?$pair@$$CBKPAVCaplInstanceData@@@std@@@2@@std@@QAEPAU?$_Tree_node@U?$pair@$$CBKPAVCaplInstanceData@@@std@@PAX@1@ABUpiecewise_construct_t@1@$$QAV?$tuple@ABK@1@$$QAV?$tuple@$$$V@1@@Z 10002530 f i capldll.obj
 0001:00001640       ??$_Buynode@ABUpiecewise_construct_t@std@@V?$tuple@ABK@2@V?$tuple@$$$V@2@@?$_Tree_buy@U?$pair@$$CBKPAVVIACapl@@@std@@V?$allocator@U?$pair@$$CBKPAVVIACapl@@@std@@@2@@std@@QAEPAU?$_Tree_node@U?$pair@$$CBKPAVVIACapl@@@std@@PAX@1@ABUpiecewise_construct_t@1@$$QAV?$tuple@ABK@1@$$QAV?$tuple@$$$V@1@@Z 10002640 f i capldll.obj
 0001:00001750       ??$_Buynode_if_nil@AAU?$pair@$$CBKPAVCaplInstanceData@@@std@@@?$_Tree@V?$_Tmap_traits@KPAVCaplInstanceData@@U?$less@K@std@@V?$allocator@U?$pair@$$CBKPAVCaplInstanceData@@@std@@@3@$0A@@std@@@std@@IAEPAU?$_Tree_node@U?$pair@$$CBKPAVCaplInstanceData@@@std@@PAX@1@PAU21@AAU?$pair@$$CBKPAVCaplInstanceData@@@1@@Z 10002750 f i capldll.obj
 0001:00001760       ??$_Buynode_if_nil@AAU?$pair@$$CBKPAVVIACapl@@@std@@@?$_Tree@V?$_Tmap_traits@KPAVVIACapl@@U?$less@K@std@@V?$allocator@U?$pair@$$CBKPAVVIACapl@@@std@@@3@$0A@@std@@@std@@IAEPAU?$_Tree_node@U?$pair@$$CBKPAVVIACapl@@@std@@PAX@1@PAU21@AAU?$pair@$$CBKPAVVIACapl@@@1@@Z 10002760 f i capldll.obj
 0001:00001770       ??$_Debug_lt_pred@U?$less@K@std@@ABKABK@std@@YA_NU?$less@K@0@ABK1PB_WI@Z 10002770 f i capldll.obj
 0001:000017f0       ??$_Distance2@V?$_Tree_iterator@V?$_Tree_val@U?$_Tree_simple_types@U?$pair@$$CBKPAVCaplInstanceData@@@std@@@std@@@std@@@std@@I@std@@YAXV?$_Tree_iterator@V?$_Tree_val@U?$_Tree_simple_types@U?$pair@$$CBKPAVCaplInstanceData@@@std@@@std@@@std@@@0@0AAIUbidirectional_iterator_tag@0@@Z 100027f0 f i capldll.obj
 0001:00001870       ??$_Distance@V?$_Tree_iterator@V?$_Tree_val@U?$_Tree_simple_types@U?$pair@$$CBKPAVCaplInstanceData@@@std@@@std@@@std@@@std@@I@std@@YAXV?$_Tree_iterator@V?$_Tree_val@U?$_Tree_simple_types@U?$pair@$$CBKPAVCaplInstanceData@@@std@@@std@@@std@@@0@0AAI@Z 10002870 f i capldll.obj
 0001:00001920       ??$_Insert_at@AAU?$pair@$$CBKPAVCaplInstanceData@@@std@@PAU?$_Tree_node@U?$pair@$$CBKPAVCaplInstanceData@@@std@@PAX@2@@?$_Tree@V?$_Tmap_traits@KPAVCaplInstanceData@@U?$less@K@std@@V?$allocator@U?$pair@$$CBKPAVCaplInstanceData@@@std@@@3@$0A@@std@@@std@@IAE?AV?$_Tree_iterator@V?$_Tree_val@U?$_Tree_simple_types@U?$pair@$$CBKPAVCaplInstanceData@@@std@@@std@@@std@@@1@_NPAU?$_Tree_node@U?$pair@$$CBKPAVCaplInstanceData@@@std@@PAX@1@AAU?$pair@$$CBKPAVCaplInstanceData@@@1@1@Z 10002920 f i capldll.obj
 0001:00001d60       ??$_Insert_at@AAU?$pair@$$CBKPAVVIACapl@@@std@@PAU?$_Tree_node@U?$pair@$$CBKPAVVIACapl@@@std@@PAX@2@@?$_Tree@V?$_Tmap_traits@KPAVVIACapl@@U?$less@K@std@@V?$allocator@U?$pair@$$CBKPAVVIACapl@@@std@@@3@$0A@@std@@@std@@IAE?AV?$_Tree_iterator@V?$_Tree_val@U?$_Tree_simple_types@U?$pair@$$CBKPAVVIACapl@@@std@@@std@@@std@@@1@_NPAU?$_Tree_node@U?$pair@$$CBKPAVVIACapl@@@std@@PAX@1@AAU?$pair@$$CBKPAVVIACapl@@@1@1@Z 10002d60 f i capldll.obj
 0001:000021a0       ??$_Insert_hint@AAU?$pair@$$CBKPAVCaplInstanceData@@@std@@PAU?$_Tree_node@U?$pair@$$CBKPAVCaplInstanceData@@@std@@PAX@2@@?$_Tree@V?$_Tmap_traits@KPAVCaplInstanceData@@U?$less@K@std@@V?$allocator@U?$pair@$$CBKPAVCaplInstanceData@@@std@@@3@$0A@@std@@@std@@IAE?AV?$_Tree_iterator@V?$_Tree_val@U?$_Tree_simple_types@U?$pair@$$CBKPAVCaplInstanceData@@@std@@@std@@@std@@@1@V?$_Tree_const_iterator@V?$_Tree_val@U?$_Tree_simple_types@U?$pair@$$CBKPAVCaplInstanceData@@@std@@@std@@@std@@@1@AAU?$pair@$$CBKPAVCaplInstanceData@@@1@PAU?$_Tree_node@U?$pair@$$CBKPAVCaplInstanceData@@@std@@PAX@1@@Z 100031a0 f i capldll.obj
 0001:00003280       ??$_Insert_hint@AAU?$pair@$$CBKPAVVIACapl@@@std@@PAU?$_Tree_node@U?$pair@$$CBKPAVVIACapl@@@std@@PAX@2@@?$_Tree@V?$_Tmap_traits@KPAVVIACapl@@U?$less@K@std@@V?$allocator@U?$pair@$$CBKPAVVIACapl@@@std@@@3@$0A@@std@@@std@@IAE?AV?$_Tree_iterator@V?$_Tree_val@U?$_Tree_simple_types@U?$pair@$$CBKPAVVIACapl@@@std@@@std@@@std@@@1@V?$_Tree_const_iterator@V?$_Tree_val@U?$_Tree_simple_types@U?$pair@$$CBKPAVVIACapl@@@std@@@std@@@std@@@1@AAU?$pair@$$CBKPAVVIACapl@@@1@PAU?$_Tree_node@U?$pair@$$CBKPAVVIACapl@@@std@@PAX@1@@Z 10004280 f i capldll.obj
 0001:00004360       ??$_Insert_nohint@AAU?$pair@$$CBKPAVCaplInstanceData@@@std@@PAU?$_Tree_node@U?$pair@$$CBKPAVCaplInstanceData@@@std@@PAX@2@@?$_Tree@V?$_Tmap_traits@KPAVCaplInstanceData@@U?$less@K@std@@V?$allocator@U?$pair@$$CBKPAVCaplInstanceData@@@std@@@3@$0A@@std@@@std@@IAE?AU?$pair@V?$_Tree_iterator@V?$_Tree_val@U?$_Tree_simple_types@U?$pair@$$CBKPAVCaplInstanceData@@@std@@@std@@@std@@@std@@_N@1@_NAAU?$pair@$$CBKPAVCaplInstanceData@@@1@PAU?$_Tree_node@U?$pair@$$CBKPAVCaplInstanceData@@@std@@PAX@1@@Z 10005360 f i capldll.obj
 0001:00004820       ??$_Insert_nohint@AAU?$pair@$$CBKPAVVIACapl@@@std@@PAU?$_Tree_node@U?$pair@$$CBKPAVVIACapl@@@std@@PAX@2@@?$_Tree@V?$_Tmap_traits@KPAVVIACapl@@U?$less@K@std@@V?$allocator@U?$pair@$$CBKPAVVIACapl@@@std@@@3@$0A@@std@@@std@@IAE?AU?$pair@V?$_Tree_iterator@V?$_Tree_val@U?$_Tree_simple_types@U?$pair@$$CBKPAVVIACapl@@@std@@@std@@@std@@@std@@_N@1@_NAAU?$pair@$$CBKPAVVIACapl@@@1@PAU?$_Tree_node@U?$pair@$$CBKPAVVIACapl@@@std@@PAX@1@@Z 10005820 f i capldll.obj
 0001:00004ce0       ??$_Iter_cat@V?$_Tree_iterator@V?$_Tree_val@U?$_Tree_simple_types@U?$pair@$$CBKPAVCaplInstanceData@@@std@@@std@@@std@@@std@@@std@@YA?AUbidirectional_iterator_tag@0@ABV?$_Tree_iterator@V?$_Tree_val@U?$_Tree_simple_types@U?$pair@$$CBKPAVCaplInstanceData@@@std@@@std@@@std@@@0@@Z 10005ce0 f i capldll.obj
 0001:00004d00       ??$_Kfn@$$CBKPAVCaplInstanceData@@@?$_Tmap_traits@KPAVCaplInstanceData@@U?$less@K@std@@V?$allocator@U?$pair@$$CBKPAVCaplInstanceData@@@std@@@3@$0A@@std@@SAABKABU?$pair@$$CBKPAVCaplInstanceData@@@1@@Z 10005d00 f i capldll.obj
 0001:00004d10       ??$_Kfn@$$CBKPAVVIACapl@@@?$_Tmap_traits@KPAVVIACapl@@U?$less@K@std@@V?$allocator@U?$pair@$$CBKPAVVIACapl@@@std@@@3@$0A@@std@@SAABKABU?$pair@$$CBKPAVVIACapl@@@1@@Z 10005d10 f i capldll.obj
 0001:00004d20       ??$_Move@AAD@std@@YA$$QADAAD@Z 10005d20 f i capldll.obj
 0001:00004d30       ??$_splitpath_s@$02$0BAA@$0BAA@$0BAA@@@YAHPBDAAY02DAAY0BAA@D22@Z 10005d30 f i capldll.obj
 0001:00004d70       ??$addressof@PAU?$_Tree_node@U?$pair@$$CBKPAVCaplInstanceData@@@std@@PAX@std@@@std@@YAPAPAU?$_Tree_node@U?$pair@$$CBKPAVCaplInstanceData@@@std@@PAX@0@AAPAU10@@Z 10005d70 f i capldll.obj
 0001:00004d80       ??$addressof@PAU?$_Tree_node@U?$pair@$$CBKPAVVIACapl@@@std@@PAX@std@@@std@@YAPAPAU?$_Tree_node@U?$pair@$$CBKPAVVIACapl@@@std@@PAX@0@AAPAU10@@Z 10005d80 f i capldll.obj
 0001:00004d90       ??$addressof@U?$pair@$$CBKPAVCaplInstanceData@@@std@@@std@@YAPAU?$pair@$$CBKPAVCaplInstanceData@@@0@AAU10@@Z 10005d90 f i capldll.obj
 0001:00004da0       ??$addressof@U?$pair@$$CBKPAVVIACapl@@@std@@@std@@YAPAU?$pair@$$CBKPAVVIACapl@@@0@AAU10@@Z 10005da0 f i capldll.obj
 0001:00004db0       ??$construct@PAU?$_Tree_node@U?$pair@$$CBKPAVCaplInstanceData@@@std@@PAX@std@@AAPAU12@@?$_Wrap_alloc@V?$allocator@U?$_Tree_node@U?$pair@$$CBKPAVCaplInstanceData@@@std@@PAX@std@@@std@@@std@@QAEXPAPAU?$_Tree_node@U?$pair@$$CBKPAVCaplInstanceData@@@std@@PAX@1@AAPAU21@@Z 10005db0 f i capldll.obj
 0001:00004de0       ??$construct@PAU?$_Tree_node@U?$pair@$$CBKPAVCaplInstanceData@@@std@@PAX@std@@AAPAU12@@?$allocator@U?$_Tree_node@U?$pair@$$CBKPAVCaplInstanceData@@@std@@PAX@std@@@std@@QAEXPAPAU?$_Tree_node@U?$pair@$$CBKPAVCaplInstanceData@@@std@@PAX@1@AAPAU21@@Z 10005de0 f i capldll.obj
 0001:00004e70       ??$construct@PAU?$_Tree_node@U?$pair@$$CBKPAVCaplInstanceData@@@std@@PAX@std@@AAPAU12@@?$allocator_traits@V?$allocator@U?$_Tree_node@U?$pair@$$CBKPAVCaplInstanceData@@@std@@PAX@std@@@std@@@std@@SAXAAV?$allocator@U?$_Tree_node@U?$pair@$$CBKPAVCaplInstanceData@@@std@@PAX@std@@@1@PAPAU?$_Tree_node@U?$pair@$$CBKPAVCaplInstanceData@@@std@@PAX@1@AAPAU31@@Z 10005e70 f i capldll.obj
 0001:00004e90       ??$construct@PAU?$_Tree_node@U?$pair@$$CBKPAVVIACapl@@@std@@PAX@std@@AAPAU12@@?$_Wrap_alloc@V?$allocator@U?$_Tree_node@U?$pair@$$CBKPAVVIACapl@@@std@@PAX@std@@@std@@@std@@QAEXPAPAU?$_Tree_node@U?$pair@$$CBKPAVVIACapl@@@std@@PAX@1@AAPAU21@@Z 10005e90 f i capldll.obj
 0001:00004ec0       ??$construct@PAU?$_Tree_node@U?$pair@$$CBKPAVVIACapl@@@std@@PAX@std@@AAPAU12@@?$allocator@U?$_Tree_node@U?$pair@$$CBKPAVVIACapl@@@std@@PAX@std@@@std@@QAEXPAPAU?$_Tree_node@U?$pair@$$CBKPAVVIACapl@@@std@@PAX@1@AAPAU21@@Z 10005ec0 f i capldll.obj
 0001:00004f50       ??$construct@PAU?$_Tree_node@U?$pair@$$CBKPAVVIACapl@@@std@@PAX@std@@AAPAU12@@?$allocator_traits@V?$allocator@U?$_Tree_node@U?$pair@$$CBKPAVVIACapl@@@std@@PAX@std@@@std@@@std@@SAXAAV?$allocator@U?$_Tree_node@U?$pair@$$CBKPAVVIACapl@@@std@@PAX@std@@@1@PAPAU?$_Tree_node@U?$pair@$$CBKPAVVIACapl@@@std@@PAX@1@AAPAU31@@Z 10005f50 f i capldll.obj
 0001:00004f70       ??$construct@U?$pair@$$CBKPAVCaplInstanceData@@@std@@ABUpiecewise_construct_t@2@V?$tuple@ABK@2@V?$tuple@$$$V@2@@?$_Wrap_alloc@V?$allocator@U?$_Tree_node@U?$pair@$$CBKPAVCaplInstanceData@@@std@@PAX@std@@@std@@@std@@QAEXPAU?$pair@$$CBKPAVCaplInstanceData@@@1@ABUpiecewise_construct_t@1@$$QAV?$tuple@ABK@1@$$QAV?$tuple@$$$V@1@@Z 10005f70 f i capldll.obj
 0001:00004fc0       ??$construct@U?$pair@$$CBKPAVCaplInstanceData@@@std@@ABUpiecewise_construct_t@2@V?$tuple@ABK@2@V?$tuple@$$$V@2@@?$allocator@U?$_Tree_node@U?$pair@$$CBKPAVCaplInstanceData@@@std@@PAX@std@@@std@@QAEXPAU?$pair@$$CBKPAVCaplInstanceData@@@1@ABUpiecewise_construct_t@1@$$QAV?$tuple@ABK@1@$$QAV?$tuple@$$$V@1@@Z 10005fc0 f i capldll.obj
 0001:00005080       ??$construct@U?$pair@$$CBKPAVCaplInstanceData@@@std@@ABUpiecewise_construct_t@2@V?$tuple@ABK@2@V?$tuple@$$$V@2@@?$allocator_traits@V?$allocator@U?$_Tree_node@U?$pair@$$CBKPAVCaplInstanceData@@@std@@PAX@std@@@std@@@std@@SAXAAV?$allocator@U?$_Tree_node@U?$pair@$$CBKPAVCaplInstanceData@@@std@@PAX@std@@@1@PAU?$pair@$$CBKPAVCaplInstanceData@@@1@ABUpiecewise_construct_t@1@$$QAV?$tuple@ABK@1@$$QAV?$tuple@$$$V@1@@Z 10006080 f i capldll.obj
 0001:000050c0       ??$construct@U?$pair@$$CBKPAVVIACapl@@@std@@ABUpiecewise_construct_t@2@V?$tuple@ABK@2@V?$tuple@$$$V@2@@?$_Wrap_alloc@V?$allocator@U?$_Tree_node@U?$pair@$$CBKPAVVIACapl@@@std@@PAX@std@@@std@@@std@@QAEXPAU?$pair@$$CBKPAVVIACapl@@@1@ABUpiecewise_construct_t@1@$$QAV?$tuple@ABK@1@$$QAV?$tuple@$$$V@1@@Z 100060c0 f i capldll.obj
 0001:00005110       ??$construct@U?$pair@$$CBKPAVVIACapl@@@std@@ABUpiecewise_construct_t@2@V?$tuple@ABK@2@V?$tuple@$$$V@2@@?$allocator@U?$_Tree_node@U?$pair@$$CBKPAVVIACapl@@@std@@PAX@std@@@std@@QAEXPAU?$pair@$$CBKPAVVIACapl@@@1@ABUpiecewise_construct_t@1@$$QAV?$tuple@ABK@1@$$QAV?$tuple@$$$V@1@@Z 10006110 f i capldll.obj
 0001:000051d0       ??$construct@U?$pair@$$CBKPAVVIACapl@@@std@@ABUpiecewise_construct_t@2@V?$tuple@ABK@2@V?$tuple@$$$V@2@@?$allocator_traits@V?$allocator@U?$_Tree_node@U?$pair@$$CBKPAVVIACapl@@@std@@PAX@std@@@std@@@std@@SAXAAV?$allocator@U?$_Tree_node@U?$pair@$$CBKPAVVIACapl@@@std@@PAX@std@@@1@PAU?$pair@$$CBKPAVVIACapl@@@1@ABUpiecewise_construct_t@1@$$QAV?$tuple@ABK@1@$$QAV?$tuple@$$$V@1@@Z 100061d0 f i capldll.obj
 0001:00005210       ??$construct@U_Container_proxy@std@@U12@@?$_Wrap_alloc@V?$allocator@U_Container_proxy@std@@@std@@@std@@QAEXPAU_Container_proxy@1@$$QAU21@@Z 10006210 f i capldll.obj
 0001:00005240       ??$construct@U_Container_proxy@std@@U12@@?$allocator@U_Container_proxy@std@@@std@@QAEXPAU_Container_proxy@1@$$QAU21@@Z 10006240 f i capldll.obj
 0001:000052d0       ??$construct@U_Container_proxy@std@@U12@@?$allocator_traits@V?$allocator@U_Container_proxy@std@@@std@@@std@@SAXAAV?$allocator@U_Container_proxy@std@@@1@PAU_Container_proxy@1@$$QAU31@@Z 100062d0 f i capldll.obj
 0001:000052f0       ??$destroy@PAU?$_Tree_node@U?$pair@$$CBKPAVCaplInstanceData@@@std@@PAX@std@@@?$_Wrap_alloc@V?$allocator@U?$_Tree_node@U?$pair@$$CBKPAVCaplInstanceData@@@std@@PAX@std@@@std@@@std@@QAEXPAPAU?$_Tree_node@U?$pair@$$CBKPAVCaplInstanceData@@@std@@PAX@1@@Z 100062f0 f i capldll.obj
 0001:00005310       ??$destroy@PAU?$_Tree_node@U?$pair@$$CBKPAVCaplInstanceData@@@std@@PAX@std@@@?$allocator@U?$_Tree_node@U?$pair@$$CBKPAVCaplInstanceData@@@std@@PAX@std@@@std@@QAEXPAPAU?$_Tree_node@U?$pair@$$CBKPAVCaplInstanceData@@@std@@PAX@1@@Z 10006310 f i capldll.obj
 0001:00005320       ??$destroy@PAU?$_Tree_node@U?$pair@$$CBKPAVCaplInstanceData@@@std@@PAX@std@@@?$allocator_traits@V?$allocator@U?$_Tree_node@U?$pair@$$CBKPAVCaplInstanceData@@@std@@PAX@std@@@std@@@std@@SAXAAV?$allocator@U?$_Tree_node@U?$pair@$$CBKPAVCaplInstanceData@@@std@@PAX@std@@@1@PAPAU?$_Tree_node@U?$pair@$$CBKPAVCaplInstanceData@@@std@@PAX@1@@Z 10006320 f i capldll.obj
 0001:00005340       ??$destroy@PAU?$_Tree_node@U?$pair@$$CBKPAVVIACapl@@@std@@PAX@std@@@?$_Wrap_alloc@V?$allocator@U?$_Tree_node@U?$pair@$$CBKPAVVIACapl@@@std@@PAX@std@@@std@@@std@@QAEXPAPAU?$_Tree_node@U?$pair@$$CBKPAVVIACapl@@@std@@PAX@1@@Z 10006340 f i capldll.obj
 0001:00005360       ??$destroy@PAU?$_Tree_node@U?$pair@$$CBKPAVVIACapl@@@std@@PAX@std@@@?$allocator@U?$_Tree_node@U?$pair@$$CBKPAVVIACapl@@@std@@PAX@std@@@std@@QAEXPAPAU?$_Tree_node@U?$pair@$$CBKPAVVIACapl@@@std@@PAX@1@@Z 10006360 f i capldll.obj
 0001:00005370       ??$destroy@PAU?$_Tree_node@U?$pair@$$CBKPAVVIACapl@@@std@@PAX@std@@@?$allocator_traits@V?$allocator@U?$_Tree_node@U?$pair@$$CBKPAVVIACapl@@@std@@PAX@std@@@std@@@std@@SAXAAV?$allocator@U?$_Tree_node@U?$pair@$$CBKPAVVIACapl@@@std@@PAX@std@@@1@PAPAU?$_Tree_node@U?$pair@$$CBKPAVVIACapl@@@std@@PAX@1@@Z 10006370 f i capldll.obj
 0001:00005390       ??$destroy@U?$pair@$$CBKPAVCaplInstanceData@@@std@@@?$_Wrap_alloc@V?$allocator@U?$_Tree_node@U?$pair@$$CBKPAVCaplInstanceData@@@std@@PAX@std@@@std@@@std@@QAEXPAU?$pair@$$CBKPAVCaplInstanceData@@@1@@Z 10006390 f i capldll.obj
 0001:000053b0       ??$destroy@U?$pair@$$CBKPAVCaplInstanceData@@@std@@@?$allocator@U?$_Tree_node@U?$pair@$$CBKPAVCaplInstanceData@@@std@@PAX@std@@@std@@QAEXPAU?$pair@$$CBKPAVCaplInstanceData@@@1@@Z 100063b0 f i capldll.obj
 0001:000053c0       ??$destroy@U?$pair@$$CBKPAVCaplInstanceData@@@std@@@?$allocator_traits@V?$allocator@U?$_Tree_node@U?$pair@$$CBKPAVCaplInstanceData@@@std@@PAX@std@@@std@@@std@@SAXAAV?$allocator@U?$_Tree_node@U?$pair@$$CBKPAVCaplInstanceData@@@std@@PAX@std@@@1@PAU?$pair@$$CBKPAVCaplInstanceData@@@1@@Z 100063c0 f i capldll.obj
 0001:000053e0       ??$destroy@U?$pair@$$CBKPAVVIACapl@@@std@@@?$_Wrap_alloc@V?$allocator@U?$_Tree_node@U?$pair@$$CBKPAVVIACapl@@@std@@PAX@std@@@std@@@std@@QAEXPAU?$pair@$$CBKPAVVIACapl@@@1@@Z 100063e0 f i capldll.obj
 0001:00005400       ??$destroy@U?$pair@$$CBKPAVVIACapl@@@std@@@?$allocator@U?$_Tree_node@U?$pair@$$CBKPAVVIACapl@@@std@@PAX@std@@@std@@QAEXPAU?$pair@$$CBKPAVVIACapl@@@1@@Z 10006400 f i capldll.obj
 0001:00005410       ??$destroy@U?$pair@$$CBKPAVVIACapl@@@std@@@?$allocator_traits@V?$allocator@U?$_Tree_node@U?$pair@$$CBKPAVVIACapl@@@std@@PAX@std@@@std@@@std@@SAXAAV?$allocator@U?$_Tree_node@U?$pair@$$CBKPAVVIACapl@@@std@@PAX@std@@@1@PAU?$pair@$$CBKPAVVIACapl@@@1@@Z 10006410 f i capldll.obj
 0001:00005430       ??$destroy@U_Container_proxy@std@@@?$_Wrap_alloc@V?$allocator@U_Container_proxy@std@@@std@@@std@@QAEXPAU_Container_proxy@1@@Z 10006430 f i capldll.obj
 0001:00005450       ??$destroy@U_Container_proxy@std@@@?$allocator@U_Container_proxy@std@@@std@@QAEXPAU_Container_proxy@1@@Z 10006450 f i capldll.obj
 0001:00005460       ??$destroy@U_Container_proxy@std@@@?$allocator_traits@V?$allocator@U_Container_proxy@std@@@std@@@std@@SAXAAV?$allocator@U_Container_proxy@std@@@1@PAU_Container_proxy@1@@Z 10006460 f i capldll.obj
 0001:00005480       ??$emplace_hint@ABUpiecewise_construct_t@std@@V?$tuple@ABK@2@V?$tuple@$$$V@2@@?$_Tree@V?$_Tmap_traits@KPAVCaplInstanceData@@U?$less@K@std@@V?$allocator@U?$pair@$$CBKPAVCaplInstanceData@@@std@@@3@$0A@@std@@@std@@QAE?AV?$_Tree_iterator@V?$_Tree_val@U?$_Tree_simple_types@U?$pair@$$CBKPAVCaplInstanceData@@@std@@@std@@@std@@@1@V?$_Tree_const_iterator@V?$_Tree_val@U?$_Tree_simple_types@U?$pair@$$CBKPAVCaplInstanceData@@@std@@@std@@@std@@@1@ABUpiecewise_construct_t@1@$$QAV?$tuple@ABK@1@$$QAV?$tuple@$$$V@1@@Z 10006480 f i capldll.obj
 0001:00005550       ??$emplace_hint@ABUpiecewise_construct_t@std@@V?$tuple@ABK@2@V?$tuple@$$$V@2@@?$_Tree@V?$_Tmap_traits@KPAVVIACapl@@U?$less@K@std@@V?$allocator@U?$pair@$$CBKPAVVIACapl@@@std@@@3@$0A@@std@@@std@@QAE?AV?$_Tree_iterator@V?$_Tree_val@U?$_Tree_simple_types@U?$pair@$$CBKPAVVIACapl@@@std@@@std@@@std@@@1@V?$_Tree_const_iterator@V?$_Tree_val@U?$_Tree_simple_types@U?$pair@$$CBKPAVVIACapl@@@std@@@std@@@std@@@1@ABUpiecewise_construct_t@1@$$QAV?$tuple@ABK@1@$$QAV?$tuple@$$$V@1@@Z 10006550 f i capldll.obj
 0001:00005620       ??$forward@AAPAU?$_Tree_node@U?$pair@$$CBKPAVCaplInstanceData@@@std@@PAX@std@@@std@@YAAAPAU?$_Tree_node@U?$pair@$$CBKPAVCaplInstanceData@@@std@@PAX@0@AAPAU10@@Z 10006620 f i capldll.obj
 0001:00005630       ??$forward@AAPAU?$_Tree_node@U?$pair@$$CBKPAVVIACapl@@@std@@PAX@std@@@std@@YAAAPAU?$_Tree_node@U?$pair@$$CBKPAVVIACapl@@@std@@PAX@0@AAPAU10@@Z 10006630 f i capldll.obj
 0001:00005640       ??$forward@AAU?$pair@$$CBKPAVCaplInstanceData@@@std@@@std@@YAAAU?$pair@$$CBKPAVCaplInstanceData@@@0@AAU10@@Z 10006640 f i capldll.obj
 0001:00005650       ??$forward@AAU?$pair@$$CBKPAVVIACapl@@@std@@@std@@YAAAU?$pair@$$CBKPAVVIACapl@@@0@AAU10@@Z 10006650 f i capldll.obj
 0001:00005660       ??$forward@AAV?$_Tree_iterator@V?$_Tree_val@U?$_Tree_simple_types@U?$pair@$$CBKPAVCaplInstanceData@@@std@@@std@@@std@@@std@@@std@@YAAAV?$_Tree_iterator@V?$_Tree_val@U?$_Tree_simple_types@U?$pair@$$CBKPAVCaplInstanceData@@@std@@@std@@@std@@@0@AAV10@@Z 10006660 f i capldll.obj
 0001:00005670       ??$forward@AAV?$_Tree_iterator@V?$_Tree_val@U?$_Tree_simple_types@U?$pair@$$CBKPAVVIACapl@@@std@@@std@@@std@@@std@@@std@@YAAAV?$_Tree_iterator@V?$_Tree_val@U?$_Tree_simple_types@U?$pair@$$CBKPAVVIACapl@@@std@@@std@@@std@@@0@AAV10@@Z 10006670 f i capldll.obj
 0001:00005680       ??$forward@ABK@std@@YAABKABK@Z 10006680 f i capldll.obj
 0001:00005690       ??$forward@ABUpiecewise_construct_t@std@@@std@@YAABUpiecewise_construct_t@0@ABU10@@Z 10006690 f i capldll.obj
 0001:000056a0       ??$forward@U_Container_proxy@std@@@std@@YA$$QAU_Container_proxy@0@AAU10@@Z 100066a0 f i capldll.obj
 0001:000056b0       ??$forward@V?$_Tree_iterator@V?$_Tree_val@U?$_Tree_simple_types@U?$pair@$$CBKPAVCaplInstanceData@@@std@@@std@@@std@@@std@@@std@@YA$$QAV?$_Tree_iterator@V?$_Tree_val@U?$_Tree_simple_types@U?$pair@$$CBKPAVCaplInstanceData@@@std@@@std@@@std@@@0@AAV10@@Z 100066b0 f i capldll.obj
 0001:000056c0       ??$forward@V?$_Tree_iterator@V?$_Tree_val@U?$_Tree_simple_types@U?$pair@$$CBKPAVVIACapl@@@std@@@std@@@std@@@std@@@std@@YA$$QAV?$_Tree_iterator@V?$_Tree_val@U?$_Tree_simple_types@U?$pair@$$CBKPAVVIACapl@@@std@@@std@@@std@@@0@AAV10@@Z 100066c0 f i capldll.obj
 0001:000056d0       ??$forward@V?$tuple@$$$V@std@@@std@@YA$$QAV?$tuple@$$$V@0@AAV10@@Z 100066d0 f i capldll.obj
 0001:000056e0       ??$forward@V?$tuple@ABK@std@@@std@@YA$$QAV?$tuple@ABK@0@AAV10@@Z 100066e0 f i capldll.obj
 0001:000056f0       ??$forward@_N@std@@YA$$QA_NAA_N@Z 100066f0 f i capldll.obj
 0001:00005700       ??$forward_as_tuple@ABK@std@@YA?AV?$tuple@ABK@0@ABK@Z 10006700 f i capldll.obj
 0001:00005720       ??$get@$0A@ABK@std@@YAABK$$QAV?$tuple@ABK@0@@Z 10006720 f i capldll.obj
 0001:00005740       ??$move@AAV?$tuple@ABK@std@@@std@@YA$$QAV?$tuple@ABK@0@AAV10@@Z 10006740 f i capldll.obj
 0001:00005750       ??$strcpy_s@$0BAA@@@YAHAAY0BAA@DPBD@Z 10006750 f i capldll.obj
 0001:00005770       ??$swap@D@std@@YAXAAD0@Z   10006770 f i capldll.obj
 0001:000057b0       ??0?$_Iterator012@Ubidirectional_iterator_tag@std@@U?$pair@$$CBKPAVCaplInstanceData@@@2@HPBU32@ABU32@U_Iterator_base12@2@@std@@QAE@ABU01@@Z 100067b0 f i capldll.obj
 0001:000057d0       ??0?$_Iterator012@Ubidirectional_iterator_tag@std@@U?$pair@$$CBKPAVCaplInstanceData@@@2@HPBU32@ABU32@U_Iterator_base12@2@@std@@QAE@XZ 100067d0 f i capldll.obj
 0001:000057f0       ??0?$_Iterator012@Ubidirectional_iterator_tag@std@@U?$pair@$$CBKPAVVIACapl@@@2@HPBU32@ABU32@U_Iterator_base12@2@@std@@QAE@ABU01@@Z 100067f0 f i capldll.obj
 0001:00005810       ??0?$_Iterator012@Ubidirectional_iterator_tag@std@@U?$pair@$$CBKPAVVIACapl@@@2@HPBU32@ABU32@U_Iterator_base12@2@@std@@QAE@XZ 10006810 f i capldll.obj
 0001:00005830       ??0?$_Tree@V?$_Tmap_traits@KPAVCaplInstanceData@@U?$less@K@std@@V?$allocator@U?$pair@$$CBKPAVCaplInstanceData@@@std@@@3@$0A@@std@@@std@@QAE@ABU?$less@K@1@ABV?$allocator@U?$pair@$$CBKPAVCaplInstanceData@@@std@@@1@@Z 10006830 f i capldll.obj
 0001:00005850       ??0?$_Tree@V?$_Tmap_traits@KPAVVIACapl@@U?$less@K@std@@V?$allocator@U?$pair@$$CBKPAVVIACapl@@@std@@@3@$0A@@std@@@std@@QAE@ABU?$less@K@1@ABV?$allocator@U?$pair@$$CBKPAVVIACapl@@@std@@@1@@Z 10006850 f i capldll.obj
 0001:00005870       ??0?$_Tree_alloc@$0A@U?$_Tree_base_types@U?$pair@$$CBKPAVCaplInstanceData@@@std@@V?$allocator@U?$pair@$$CBKPAVCaplInstanceData@@@std@@@2@@std@@@std@@QAE@ABV?$allocator@U?$pair@$$CBKPAVCaplInstanceData@@@std@@@1@@Z 10006870 f i capldll.obj
 0001:00005920       ??0?$_Tree_alloc@$0A@U?$_Tree_base_types@U?$pair@$$CBKPAVVIACapl@@@std@@V?$allocator@U?$pair@$$CBKPAVVIACapl@@@std@@@2@@std@@@std@@QAE@ABV?$allocator@U?$pair@$$CBKPAVVIACapl@@@std@@@1@@Z 10006920 f i capldll.obj
 0001:000059d0       ??0?$_Tree_buy@U?$pair@$$CBKPAVCaplInstanceData@@@std@@V?$allocator@U?$pair@$$CBKPAVCaplInstanceData@@@std@@@2@@std@@QAE@ABV?$allocator@U?$pair@$$CBKPAVCaplInstanceData@@@std@@@1@@Z 100069d0 f i capldll.obj
 0001:000059f0       ??0?$_Tree_buy@U?$pair@$$CBKPAVVIACapl@@@std@@V?$allocator@U?$pair@$$CBKPAVVIACapl@@@std@@@2@@std@@QAE@ABV?$allocator@U?$pair@$$CBKPAVVIACapl@@@std@@@1@@Z 100069f0 f i capldll.obj
 0001:00005a10       ??0?$_Tree_comp@$0A@V?$_Tmap_traits@KPAVCaplInstanceData@@U?$less@K@std@@V?$allocator@U?$pair@$$CBKPAVCaplInstanceData@@@std@@@3@$0A@@std@@@std@@QAE@ABU?$less@K@1@ABV?$allocator@U?$pair@$$CBKPAVCaplInstanceData@@@std@@@1@@Z 10006a10 f i capldll.obj
 0001:00005a30       ??0?$_Tree_comp@$0A@V?$_Tmap_traits@KPAVVIACapl@@U?$less@K@std@@V?$allocator@U?$pair@$$CBKPAVVIACapl@@@std@@@3@$0A@@std@@@std@@QAE@ABU?$less@K@1@ABV?$allocator@U?$pair@$$CBKPAVVIACapl@@@std@@@1@@Z 10006a30 f i capldll.obj
 0001:00005a50       ??0?$_Tree_const_iterator@V?$_Tree_val@U?$_Tree_simple_types@U?$pair@$$CBKPAVCaplInstanceData@@@std@@@std@@@std@@@std@@QAE@ABV01@@Z 10006a50 f i capldll.obj
 0001:00005a70       ??0?$_Tree_const_iterator@V?$_Tree_val@U?$_Tree_simple_types@U?$pair@$$CBKPAVCaplInstanceData@@@std@@@std@@@std@@@std@@QAE@PAU?$_Tree_node@U?$pair@$$CBKPAVCaplInstanceData@@@std@@PAX@1@PBV?$_Tree_val@U?$_Tree_simple_types@U?$pair@$$CBKPAVCaplInstanceData@@@std@@@std@@@1@@Z 10006a70 f i capldll.obj
 0001:00005a90       ??0?$_Tree_const_iterator@V?$_Tree_val@U?$_Tree_simple_types@U?$pair@$$CBKPAVCaplInstanceData@@@std@@@std@@@std@@@std@@QAE@XZ 10006a90 f i capldll.obj
 0001:00005ab0       ??0?$_Tree_const_iterator@V?$_Tree_val@U?$_Tree_simple_types@U?$pair@$$CBKPAVVIACapl@@@std@@@std@@@std@@@std@@QAE@ABV01@@Z 10006ab0 f i capldll.obj
 0001:00005ad0       ??0?$_Tree_const_iterator@V?$_Tree_val@U?$_Tree_simple_types@U?$pair@$$CBKPAVVIACapl@@@std@@@std@@@std@@@std@@QAE@PAU?$_Tree_node@U?$pair@$$CBKPAVVIACapl@@@std@@PAX@1@PBV?$_Tree_val@U?$_Tree_simple_types@U?$pair@$$CBKPAVVIACapl@@@std@@@std@@@1@@Z 10006ad0 f i capldll.obj
 0001:00005af0       ??0?$_Tree_const_iterator@V?$_Tree_val@U?$_Tree_simple_types@U?$pair@$$CBKPAVVIACapl@@@std@@@std@@@std@@@std@@QAE@XZ 10006af0 f i capldll.obj
 0001:00005b10       ??0?$_Tree_iterator@V?$_Tree_val@U?$_Tree_simple_types@U?$pair@$$CBKPAVCaplInstanceData@@@std@@@std@@@std@@@std@@QAE@ABV01@@Z 10006b10 f i capldll.obj
 0001:00005b30       ??0?$_Tree_iterator@V?$_Tree_val@U?$_Tree_simple_types@U?$pair@$$CBKPAVCaplInstanceData@@@std@@@std@@@std@@@std@@QAE@PAU?$_Tree_node@U?$pair@$$CBKPAVCaplInstanceData@@@std@@PAX@1@PBV?$_Tree_val@U?$_Tree_simple_types@U?$pair@$$CBKPAVCaplInstanceData@@@std@@@std@@@1@@Z 10006b30 f i capldll.obj
 0001:00005b50       ??0?$_Tree_iterator@V?$_Tree_val@U?$_Tree_simple_types@U?$pair@$$CBKPAVVIACapl@@@std@@@std@@@std@@@std@@QAE@ABV01@@Z 10006b50 f i capldll.obj
 0001:00005b70       ??0?$_Tree_iterator@V?$_Tree_val@U?$_Tree_simple_types@U?$pair@$$CBKPAVVIACapl@@@std@@@std@@@std@@@std@@QAE@PAU?$_Tree_node@U?$pair@$$CBKPAVVIACapl@@@std@@PAX@1@PBV?$_Tree_val@U?$_Tree_simple_types@U?$pair@$$CBKPAVVIACapl@@@std@@@std@@@1@@Z 10006b70 f i capldll.obj
 0001:00005b90       ??0?$_Tree_unchecked_const_iterator@V?$_Tree_val@U?$_Tree_simple_types@U?$pair@$$CBKPAVCaplInstanceData@@@std@@@std@@@std@@U_Iterator_base12@2@@std@@QAE@ABV01@@Z 10006b90 f i capldll.obj
 0001:00005bc0       ??0?$_Tree_unchecked_const_iterator@V?$_Tree_val@U?$_Tree_simple_types@U?$pair@$$CBKPAVCaplInstanceData@@@std@@@std@@@std@@U_Iterator_base12@2@@std@@QAE@PAU?$_Tree_node@U?$pair@$$CBKPAVCaplInstanceData@@@std@@PAX@1@PBV?$_Tree_val@U?$_Tree_simple_types@U?$pair@$$CBKPAVCaplInstanceData@@@std@@@std@@@1@@Z 10006bc0 f i capldll.obj
 0001:00005c30       ??0?$_Tree_unchecked_const_iterator@V?$_Tree_val@U?$_Tree_simple_types@U?$pair@$$CBKPAVCaplInstanceData@@@std@@@std@@@std@@U_Iterator_base12@2@@std@@QAE@XZ 10006c30 f i capldll.obj
 0001:00005c50       ??0?$_Tree_unchecked_const_iterator@V?$_Tree_val@U?$_Tree_simple_types@U?$pair@$$CBKPAVVIACapl@@@std@@@std@@@std@@U_Iterator_base12@2@@std@@QAE@ABV01@@Z 10006c50 f i capldll.obj
 0001:00005c80       ??0?$_Tree_unchecked_const_iterator@V?$_Tree_val@U?$_Tree_simple_types@U?$pair@$$CBKPAVVIACapl@@@std@@@std@@@std@@U_Iterator_base12@2@@std@@QAE@PAU?$_Tree_node@U?$pair@$$CBKPAVVIACapl@@@std@@PAX@1@PBV?$_Tree_val@U?$_Tree_simple_types@U?$pair@$$CBKPAVVIACapl@@@std@@@std@@@1@@Z 10006c80 f i capldll.obj
 0001:00005cf0       ??0?$_Tree_unchecked_const_iterator@V?$_Tree_val@U?$_Tree_simple_types@U?$pair@$$CBKPAVVIACapl@@@std@@@std@@@std@@U_Iterator_base12@2@@std@@QAE@XZ 10006cf0 f i capldll.obj
 0001:00005d10       ??0?$_Tree_val@U?$_Tree_simple_types@U?$pair@$$CBKPAVCaplInstanceData@@@std@@@std@@@std@@QAE@XZ 10006d10 f i capldll.obj
 0001:00005d40       ??0?$_Tree_val@U?$_Tree_simple_types@U?$pair@$$CBKPAVVIACapl@@@std@@@std@@@std@@QAE@XZ 10006d40 f i capldll.obj
 0001:00005d70       ??0?$_Wrap_alloc@V?$allocator@U?$_Tree_node@U?$pair@$$CBKPAVCaplInstanceData@@@std@@PAX@std@@@std@@@std@@QAE@XZ 10006d70 f i capldll.obj
 0001:00005d90       ??0?$_Wrap_alloc@V?$allocator@U?$_Tree_node@U?$pair@$$CBKPAVVIACapl@@@std@@PAX@std@@@std@@@std@@QAE@XZ 10006d90 f i capldll.obj
 0001:00005db0       ??0?$allocator@U?$_Tree_node@U?$pair@$$CBKPAVCaplInstanceData@@@std@@PAX@std@@@std@@QAE@XZ 10006db0 f i capldll.obj
 0001:00005dc0       ??0?$allocator@U?$_Tree_node@U?$pair@$$CBKPAVVIACapl@@@std@@PAX@std@@@std@@QAE@XZ 10006dc0 f i capldll.obj
 0001:00005dd0       ??0?$allocator@U?$pair@$$CBKPAVCaplInstanceData@@@std@@@std@@QAE@XZ 10006dd0 f i capldll.obj
 0001:00005de0       ??0?$allocator@U?$pair@$$CBKPAVVIACapl@@@std@@@std@@QAE@XZ 10006de0 f i capldll.obj
 0001:00005df0       ??0?$map@KPAVCaplInstanceData@@U?$less@K@std@@V?$allocator@U?$pair@$$CBKPAVCaplInstanceData@@@std@@@3@@std@@QAE@XZ 10006df0 f i capldll.obj
 0001:00005e20       ??0?$map@KPAVVIACapl@@U?$less@K@std@@V?$allocator@U?$pair@$$CBKPAVVIACapl@@@std@@@3@@std@@QAE@XZ 10006e20 f i capldll.obj
 0001:00005e50       ??0?$tuple@$$$V@std@@QAE@ABV01@@Z 10006e50 f i capldll.obj
 0001:00005e60       ??0?$tuple@$$$V@std@@QAE@XZ 10006e60 f i capldll.obj
 0001:00005e70       ??0?$tuple@ABK@std@@QAE@ABK@Z 10006e70 f i capldll.obj
 0001:00005ea0       ??0_Container_base12@std@@QAE@XZ 10006ea0 f i capldll.obj
 0001:00005ec0       ??0_Container_proxy@std@@QAE@XZ 10006ec0 f i capldll.obj
 0001:00005ef0       ??0_Ignore@std@@QAE@XZ     10006ef0 f i capldll.obj
 0001:00005f00       ??0_Iterator_base12@std@@QAE@ABU01@@Z 10006f00 f i capldll.obj
 0001:00005f30       ??0_Iterator_base12@std@@QAE@XZ 10006f30 f i capldll.obj
 0001:00005f60       ??1?$_Iterator012@Ubidirectional_iterator_tag@std@@U?$pair@$$CBKPAVCaplInstanceData@@@2@HPBU32@ABU32@U_Iterator_base12@2@@std@@QAE@XZ 10006f60 f i capldll.obj
 0001:00005f80       ??1?$_Iterator012@Ubidirectional_iterator_tag@std@@U?$pair@$$CBKPAVVIACapl@@@2@HPBU32@ABU32@U_Iterator_base12@2@@std@@QAE@XZ 10006f80 f i capldll.obj
 0001:00005fa0       ??1?$_Tree@V?$_Tmap_traits@KPAVCaplInstanceData@@U?$less@K@std@@V?$allocator@U?$pair@$$CBKPAVCaplInstanceData@@@std@@@3@$0A@@std@@@std@@QAE@XZ 10006fa0 f i capldll.obj
 0001:00005fc0       ??1?$_Tree@V?$_Tmap_traits@KPAVVIACapl@@U?$less@K@std@@V?$allocator@U?$pair@$$CBKPAVVIACapl@@@std@@@3@$0A@@std@@@std@@QAE@XZ 10006fc0 f i capldll.obj
 0001:00005fe0       ??1?$_Tree_alloc@$0A@U?$_Tree_base_types@U?$pair@$$CBKPAVCaplInstanceData@@@std@@V?$allocator@U?$pair@$$CBKPAVCaplInstanceData@@@std@@@2@@std@@@std@@QAE@XZ 10006fe0 f i capldll.obj
 0001:00006010       ??1?$_Tree_alloc@$0A@U?$_Tree_base_types@U?$pair@$$CBKPAVVIACapl@@@std@@V?$allocator@U?$pair@$$CBKPAVVIACapl@@@std@@@2@@std@@@std@@QAE@XZ 10007010 f i capldll.obj
 0001:00006040       ??1?$_Tree_buy@U?$pair@$$CBKPAVCaplInstanceData@@@std@@V?$allocator@U?$pair@$$CBKPAVCaplInstanceData@@@std@@@2@@std@@QAE@XZ 10007040 f i capldll.obj
 0001:00006060       ??1?$_Tree_buy@U?$pair@$$CBKPAVVIACapl@@@std@@V?$allocator@U?$pair@$$CBKPAVVIACapl@@@std@@@2@@std@@QAE@XZ 10007060 f i capldll.obj
 0001:00006080       ??1?$_Tree_comp@$0A@V?$_Tmap_traits@KPAVCaplInstanceData@@U?$less@K@std@@V?$allocator@U?$pair@$$CBKPAVCaplInstanceData@@@std@@@3@$0A@@std@@@std@@QAE@XZ 10007080 f i capldll.obj
 0001:000060a0       ??1?$_Tree_comp@$0A@V?$_Tmap_traits@KPAVVIACapl@@U?$less@K@std@@V?$allocator@U?$pair@$$CBKPAVVIACapl@@@std@@@3@$0A@@std@@@std@@QAE@XZ 100070a0 f i capldll.obj
 0001:000060c0       ??1?$_Tree_const_iterator@V?$_Tree_val@U?$_Tree_simple_types@U?$pair@$$CBKPAVCaplInstanceData@@@std@@@std@@@std@@@std@@QAE@XZ 100070c0 f i capldll.obj
 0001:000060e0       ??1?$_Tree_const_iterator@V?$_Tree_val@U?$_Tree_simple_types@U?$pair@$$CBKPAVVIACapl@@@std@@@std@@@std@@@std@@QAE@XZ 100070e0 f i capldll.obj
 0001:00006100       ??1?$_Tree_iterator@V?$_Tree_val@U?$_Tree_simple_types@U?$pair@$$CBKPAVCaplInstanceData@@@std@@@std@@@std@@@std@@QAE@XZ 10007100 f i capldll.obj
 0001:00006120       ??1?$_Tree_iterator@V?$_Tree_val@U?$_Tree_simple_types@U?$pair@$$CBKPAVVIACapl@@@std@@@std@@@std@@@std@@QAE@XZ 10007120 f i capldll.obj
 0001:00006140       ??1?$_Tree_unchecked_const_iterator@V?$_Tree_val@U?$_Tree_simple_types@U?$pair@$$CBKPAVCaplInstanceData@@@std@@@std@@@std@@U_Iterator_base12@2@@std@@QAE@XZ 10007140 f i capldll.obj
 0001:00006160       ??1?$_Tree_unchecked_const_iterator@V?$_Tree_val@U?$_Tree_simple_types@U?$pair@$$CBKPAVVIACapl@@@std@@@std@@@std@@U_Iterator_base12@2@@std@@QAE@XZ 10007160 f i capldll.obj
 0001:00006180       ??1?$_Tree_val@U?$_Tree_simple_types@U?$pair@$$CBKPAVCaplInstanceData@@@std@@@std@@@std@@QAE@XZ 10007180 f i capldll.obj
 0001:000061a0       ??1?$_Tree_val@U?$_Tree_simple_types@U?$pair@$$CBKPAVVIACapl@@@std@@@std@@@std@@QAE@XZ 100071a0 f i capldll.obj
 0001:000061c0       ??1?$map@KPAVCaplInstanceData@@U?$less@K@std@@V?$allocator@U?$pair@$$CBKPAVCaplInstanceData@@@std@@@3@@std@@QAE@XZ 100071c0 f i capldll.obj
 0001:000061e0       ??1?$map@KPAVVIACapl@@U?$less@K@std@@V?$allocator@U?$pair@$$CBKPAVVIACapl@@@std@@@3@@std@@QAE@XZ 100071e0 f i capldll.obj
 0001:00006200       ??1?$pair@V?$_Tree_iterator@V?$_Tree_val@U?$_Tree_simple_types@U?$pair@$$CBKPAVCaplInstanceData@@@std@@@std@@@std@@@std@@V12@@std@@QAE@XZ 10007200 f i capldll.obj
 0001:00006220       ??1?$pair@V?$_Tree_iterator@V?$_Tree_val@U?$_Tree_simple_types@U?$pair@$$CBKPAVCaplInstanceData@@@std@@@std@@@std@@@std@@_N@std@@QAE@XZ 10007220 f i capldll.obj
 0001:00006240       ??1?$pair@V?$_Tree_iterator@V?$_Tree_val@U?$_Tree_simple_types@U?$pair@$$CBKPAVVIACapl@@@std@@@std@@@std@@@std@@_N@std@@QAE@XZ 10007240 f i capldll.obj
 0001:00006260       ??1_Container_base12@std@@QAE@XZ 10007260 f i capldll.obj
 0001:00006280       ??1_Iterator_base12@std@@QAE@XZ 10007280 f i capldll.obj
 0001:000062b0       ??2@YAPAXIPAX@Z            100072b0 f i capldll.obj
 0001:000062c0       ??3@YAXPAX0@Z              100072c0 f i capldll.obj
 0001:000062d0       ??4?$_Iterator012@Ubidirectional_iterator_tag@std@@U?$pair@$$CBKPAVCaplInstanceData@@@2@HPBU32@ABU32@U_Iterator_base12@2@@std@@QAEAAU01@ABU01@@Z 100072d0 f i capldll.obj
 0001:000062f0       ??4?$_Iterator012@Ubidirectional_iterator_tag@std@@U?$pair@$$CBKPAVVIACapl@@@2@HPBU32@ABU32@U_Iterator_base12@2@@std@@QAEAAU01@ABU01@@Z 100072f0 f i capldll.obj
 0001:00006310       ??4?$_Tree_const_iterator@V?$_Tree_val@U?$_Tree_simple_types@U?$pair@$$CBKPAVCaplInstanceData@@@std@@@std@@@std@@@std@@QAEAAV01@ABV01@@Z 10007310 f i capldll.obj
 0001:00006330       ??4?$_Tree_const_iterator@V?$_Tree_val@U?$_Tree_simple_types@U?$pair@$$CBKPAVVIACapl@@@std@@@std@@@std@@@std@@QAEAAV01@ABV01@@Z 10007330 f i capldll.obj
 0001:00006350       ??4?$_Tree_iterator@V?$_Tree_val@U?$_Tree_simple_types@U?$pair@$$CBKPAVCaplInstanceData@@@std@@@std@@@std@@@std@@QAEAAV01@ABV01@@Z 10007350 f i capldll.obj
 0001:00006370       ??4?$_Tree_iterator@V?$_Tree_val@U?$_Tree_simple_types@U?$pair@$$CBKPAVVIACapl@@@std@@@std@@@std@@@std@@QAEAAV01@ABV01@@Z 10007370 f i capldll.obj
 0001:00006390       ??4?$_Tree_unchecked_const_iterator@V?$_Tree_val@U?$_Tree_simple_types@U?$pair@$$CBKPAVCaplInstanceData@@@std@@@std@@@std@@U_Iterator_base12@2@@std@@QAEAAV01@ABV01@@Z 10007390 f i capldll.obj
 0001:000063c0       ??4?$_Tree_unchecked_const_iterator@V?$_Tree_val@U?$_Tree_simple_types@U?$pair@$$CBKPAVVIACapl@@@std@@@std@@@std@@U_Iterator_base12@2@@std@@QAEAAV01@ABV01@@Z 100073c0 f i capldll.obj
 0001:000063f0       ??4_Iterator_base12@std@@QAEAAU01@ABU01@@Z 100073f0 f i capldll.obj
 0001:00006480       ??8?$_Tree_const_iterator@V?$_Tree_val@U?$_Tree_simple_types@U?$pair@$$CBKPAVCaplInstanceData@@@std@@@std@@@std@@@std@@QBE_NABV01@@Z 10007480 f i capldll.obj
 0001:00006540       ??8?$_Tree_const_iterator@V?$_Tree_val@U?$_Tree_simple_types@U?$pair@$$CBKPAVVIACapl@@@std@@@std@@@std@@@std@@QBE_NABV01@@Z 10007540 f i capldll.obj
 0001:00006600       ??9?$_Tree_const_iterator@V?$_Tree_val@U?$_Tree_simple_types@U?$pair@$$CBKPAVCaplInstanceData@@@std@@@std@@@std@@@std@@QBE_NABV01@@Z 10007600 f i capldll.obj
 0001:00006640       ??9?$_Tree_const_iterator@V?$_Tree_val@U?$_Tree_simple_types@U?$pair@$$CBKPAVVIACapl@@@std@@@std@@@std@@@std@@QBE_NABV01@@Z 10007640 f i capldll.obj
 0001:00006680       ??A?$map@KPAVCaplInstanceData@@U?$less@K@std@@V?$allocator@U?$pair@$$CBKPAVCaplInstanceData@@@std@@@3@@std@@QAEAAPAVCaplInstanceData@@ABK@Z 10007680 f i capldll.obj
 0001:00006800       ??A?$map@KPAVVIACapl@@U?$less@K@std@@V?$allocator@U?$pair@$$CBKPAVVIACapl@@@std@@@3@@std@@QAEAAPAVVIACapl@@ABK@Z 10007800 f i capldll.obj
 0001:00006980       ??C?$_Tree_iterator@V?$_Tree_val@U?$_Tree_simple_types@U?$pair@$$CBKPAVCaplInstanceData@@@std@@@std@@@std@@@std@@QBEPAU?$pair@$$CBKPAVCaplInstanceData@@@1@XZ 10007980 f i capldll.obj
 0001:000069a0       ??C?$_Tree_iterator@V?$_Tree_val@U?$_Tree_simple_types@U?$pair@$$CBKPAVVIACapl@@@std@@@std@@@std@@@std@@QBEPAU?$pair@$$CBKPAVVIACapl@@@1@XZ 100079a0 f i capldll.obj
 0001:000069c0       ??D?$_Tree_const_iterator@V?$_Tree_val@U?$_Tree_simple_types@U?$pair@$$CBKPAVCaplInstanceData@@@std@@@std@@@std@@@std@@QBEABU?$pair@$$CBKPAVCaplInstanceData@@@1@XZ 100079c0 f i capldll.obj
 0001:00006a70       ??D?$_Tree_const_iterator@V?$_Tree_val@U?$_Tree_simple_types@U?$pair@$$CBKPAVVIACapl@@@std@@@std@@@std@@@std@@QBEABU?$pair@$$CBKPAVVIACapl@@@1@XZ 10007a70 f i capldll.obj
 0001:00006b20       ??D?$_Tree_iterator@V?$_Tree_val@U?$_Tree_simple_types@U?$pair@$$CBKPAVCaplInstanceData@@@std@@@std@@@std@@@std@@QBEAAU?$pair@$$CBKPAVCaplInstanceData@@@1@XZ 10007b20 f i capldll.obj
 0001:00006b40       ??D?$_Tree_iterator@V?$_Tree_val@U?$_Tree_simple_types@U?$pair@$$CBKPAVVIACapl@@@std@@@std@@@std@@@std@@QBEAAU?$pair@$$CBKPAVVIACapl@@@1@XZ 10007b40 f i capldll.obj
 0001:00006b60       ??E?$_Tree_const_iterator@V?$_Tree_val@U?$_Tree_simple_types@U?$pair@$$CBKPAVCaplInstanceData@@@std@@@std@@@std@@@std@@QAE?AV01@H@Z 10007b60 f i capldll.obj
 0001:00006bf0       ??E?$_Tree_const_iterator@V?$_Tree_val@U?$_Tree_simple_types@U?$pair@$$CBKPAVCaplInstanceData@@@std@@@std@@@std@@@std@@QAEAAV01@XZ 10007bf0 f i capldll.obj
 0001:00006ca0       ??E?$_Tree_const_iterator@V?$_Tree_val@U?$_Tree_simple_types@U?$pair@$$CBKPAVVIACapl@@@std@@@std@@@std@@@std@@QAE?AV01@H@Z 10007ca0 f i capldll.obj
 0001:00006d30       ??E?$_Tree_const_iterator@V?$_Tree_val@U?$_Tree_simple_types@U?$pair@$$CBKPAVVIACapl@@@std@@@std@@@std@@@std@@QAEAAV01@XZ 10007d30 f i capldll.obj
 0001:00006de0       ??E?$_Tree_iterator@V?$_Tree_val@U?$_Tree_simple_types@U?$pair@$$CBKPAVCaplInstanceData@@@std@@@std@@@std@@@std@@QAEAAV01@XZ 10007de0 f i capldll.obj
 0001:00006e00       ??E?$_Tree_unchecked_const_iterator@V?$_Tree_val@U?$_Tree_simple_types@U?$pair@$$CBKPAVCaplInstanceData@@@std@@@std@@@std@@U_Iterator_base12@2@@std@@QAEAAV01@XZ 10007e00 f i capldll.obj
 0001:00006ec0       ??E?$_Tree_unchecked_const_iterator@V?$_Tree_val@U?$_Tree_simple_types@U?$pair@$$CBKPAVVIACapl@@@std@@@std@@@std@@U_Iterator_base12@2@@std@@QAEAAV01@XZ 10007ec0 f i capldll.obj
 0001:00006f80       ??F?$_Tree_const_iterator@V?$_Tree_val@U?$_Tree_simple_types@U?$pair@$$CBKPAVCaplInstanceData@@@std@@@std@@@std@@@std@@QAEAAV01@XZ 10007f80 f i capldll.obj
 0001:000070a0       ??F?$_Tree_const_iterator@V?$_Tree_val@U?$_Tree_simple_types@U?$pair@$$CBKPAVVIACapl@@@std@@@std@@@std@@@std@@QAEAAV01@XZ 100080a0 f i capldll.obj
 0001:000071c0       ??F?$_Tree_iterator@V?$_Tree_val@U?$_Tree_simple_types@U?$pair@$$CBKPAVCaplInstanceData@@@std@@@std@@@std@@@std@@QAEAAV01@XZ 100081c0 f i capldll.obj
 0001:000071e0       ??F?$_Tree_iterator@V?$_Tree_val@U?$_Tree_simple_types@U?$pair@$$CBKPAVVIACapl@@@std@@@std@@@std@@@std@@QAEAAV01@XZ 100081e0 f i capldll.obj
 0001:00007200       ??F?$_Tree_unchecked_const_iterator@V?$_Tree_val@U?$_Tree_simple_types@U?$pair@$$CBKPAVCaplInstanceData@@@std@@@std@@@std@@U_Iterator_base12@2@@std@@QAEAAV01@XZ 10008200 f i capldll.obj
 0001:000072f0       ??F?$_Tree_unchecked_const_iterator@V?$_Tree_val@U?$_Tree_simple_types@U?$pair@$$CBKPAVVIACapl@@@std@@@std@@@std@@U_Iterator_base12@2@@std@@QAEAAV01@XZ 100082f0 f i capldll.obj
 0001:000073e0       ??R?$less@K@std@@QBE_NABK0@Z 100083e0 f i capldll.obj
 0001:00007410       ?_Adopt@_Iterator_base12@std@@QAEXPBU_Container_base12@2@@Z 10008410 f i capldll.obj
 0001:000074d0       ?_Alloc_proxy@?$_Tree_alloc@$0A@U?$_Tree_base_types@U?$pair@$$CBKPAVCaplInstanceData@@@std@@V?$allocator@U?$pair@$$CBKPAVCaplInstanceData@@@std@@@2@@std@@@std@@QAEXXZ 100084d0 f i capldll.obj
 0001:00007530       ?_Alloc_proxy@?$_Tree_alloc@$0A@U?$_Tree_base_types@U?$pair@$$CBKPAVVIACapl@@@std@@V?$allocator@U?$pair@$$CBKPAVVIACapl@@@std@@@2@@std@@@std@@QAEXXZ 10008530 f i capldll.obj
 0001:00007590       ?_Buyheadnode@?$_Tree_alloc@$0A@U?$_Tree_base_types@U?$pair@$$CBKPAVCaplInstanceData@@@std@@V?$allocator@U?$pair@$$CBKPAVCaplInstanceData@@@std@@@2@@std@@@std@@QAEPAU?$_Tree_node@U?$pair@$$CBKPAVCaplInstanceData@@@std@@PAX@2@XZ 10008590 f i capldll.obj
 0001:000076f0       ?_Buyheadnode@?$_Tree_alloc@$0A@U?$_Tree_base_types@U?$pair@$$CBKPAVVIACapl@@@std@@V?$allocator@U?$pair@$$CBKPAVVIACapl@@@std@@@2@@std@@@std@@QAEPAU?$_Tree_node@U?$pair@$$CBKPAVVIACapl@@@std@@PAX@2@XZ 100086f0 f i capldll.obj
 0001:00007850       ?_Buynode0@?$_Tree_buy@U?$pair@$$CBKPAVCaplInstanceData@@@std@@V?$allocator@U?$pair@$$CBKPAVCaplInstanceData@@@std@@@2@@std@@QAEPAU?$_Tree_node@U?$pair@$$CBKPAVCaplInstanceData@@@std@@PAX@2@XZ 10008850 f i capldll.obj
 0001:000079a0       ?_Buynode0@?$_Tree_buy@U?$pair@$$CBKPAVVIACapl@@@std@@V?$allocator@U?$pair@$$CBKPAVVIACapl@@@std@@@2@@std@@QAEPAU?$_Tree_node@U?$pair@$$CBKPAVVIACapl@@@std@@PAX@2@XZ 100089a0 f i capldll.obj
 0001:00007af0       ?_Clrcont@_Iterator_base12@std@@QAEXXZ 10008af0 f i capldll.obj
 0001:00007b10       ?_Color@?$_Tree_val@U?$_Tree_simple_types@U?$pair@$$CBKPAVCaplInstanceData@@@std@@@std@@@std@@SAAADPAU?$_Tree_node@U?$pair@$$CBKPAVCaplInstanceData@@@std@@PAX@2@@Z 10008b10 f i capldll.obj
 0001:00007b20       ?_Color@?$_Tree_val@U?$_Tree_simple_types@U?$pair@$$CBKPAVVIACapl@@@std@@@std@@@std@@SAAADPAU?$_Tree_node@U?$pair@$$CBKPAVVIACapl@@@std@@PAX@2@@Z 10008b20 f i capldll.obj
 0001:00007b30       ?_Destroy_if_not_nil@?$_Tree@V?$_Tmap_traits@KPAVCaplInstanceData@@U?$less@K@std@@V?$allocator@U?$pair@$$CBKPAVCaplInstanceData@@@std@@@3@$0A@@std@@@std@@IAEXPAU?$_Tree_node@U?$pair@$$CBKPAVCaplInstanceData@@@std@@PAX@2@@Z 10008b30 f i capldll.obj
 0001:00007b90       ?_Destroy_if_not_nil@?$_Tree@V?$_Tmap_traits@KPAVVIACapl@@U?$less@K@std@@V?$allocator@U?$pair@$$CBKPAVVIACapl@@@std@@@3@$0A@@std@@@std@@IAEXPAU?$_Tree_node@U?$pair@$$CBKPAVVIACapl@@@std@@PAX@2@@Z 10008b90 f i capldll.obj
 0001:00007bf0       ?_Eqrange@?$_Tree@V?$_Tmap_traits@KPAVCaplInstanceData@@U?$less@K@std@@V?$allocator@U?$pair@$$CBKPAVCaplInstanceData@@@std@@@3@$0A@@std@@@std@@IAE?AU?$pair@V?$_Tree_iterator@V?$_Tree_val@U?$_Tree_simple_types@U?$pair@$$CBKPAVCaplInstanceData@@@std@@@std@@@std@@@std@@V12@@2@ABK@Z 10008bf0 f i capldll.obj
 0001:00007e40       ?_Erase@?$_Tree@V?$_Tmap_traits@KPAVCaplInstanceData@@U?$less@K@std@@V?$allocator@U?$pair@$$CBKPAVCaplInstanceData@@@std@@@3@$0A@@std@@@std@@IAEXPAU?$_Tree_node@U?$pair@$$CBKPAVCaplInstanceData@@@std@@PAX@2@@Z 10008e40 f i capldll.obj
 0001:00007ee0       ?_Erase@?$_Tree@V?$_Tmap_traits@KPAVVIACapl@@U?$less@K@std@@V?$allocator@U?$pair@$$CBKPAVVIACapl@@@std@@@3@$0A@@std@@@std@@IAEXPAU?$_Tree_node@U?$pair@$$CBKPAVVIACapl@@@std@@PAX@2@@Z 10008ee0 f i capldll.obj
 0001:00007f80       ?_Free_proxy@?$_Tree_alloc@$0A@U?$_Tree_base_types@U?$pair@$$CBKPAVCaplInstanceData@@@std@@V?$allocator@U?$pair@$$CBKPAVCaplInstanceData@@@std@@@2@@std@@@std@@QAEXXZ 10008f80 f i capldll.obj
 0001:00007fe0       ?_Free_proxy@?$_Tree_alloc@$0A@U?$_Tree_base_types@U?$pair@$$CBKPAVVIACapl@@@std@@V?$allocator@U?$pair@$$CBKPAVVIACapl@@@std@@@2@@std@@@std@@QAEXXZ 10008fe0 f i capldll.obj
 0001:00008040       ?_Freeheadnode@?$_Tree_alloc@$0A@U?$_Tree_base_types@U?$pair@$$CBKPAVCaplInstanceData@@@std@@V?$allocator@U?$pair@$$CBKPAVCaplInstanceData@@@std@@@2@@std@@@std@@QAEXPAU?$_Tree_node@U?$pair@$$CBKPAVCaplInstanceData@@@std@@PAX@2@@Z 10009040 f i capldll.obj
 0001:000080f0       ?_Freeheadnode@?$_Tree_alloc@$0A@U?$_Tree_base_types@U?$pair@$$CBKPAVVIACapl@@@std@@V?$allocator@U?$pair@$$CBKPAVVIACapl@@@std@@@2@@std@@@std@@QAEXPAU?$_Tree_node@U?$pair@$$CBKPAVVIACapl@@@std@@PAX@2@@Z 100090f0 f i capldll.obj
 0001:000081a0       ?_Freenode0@?$_Tree_buy@U?$pair@$$CBKPAVCaplInstanceData@@@std@@V?$allocator@U?$pair@$$CBKPAVCaplInstanceData@@@std@@@2@@std@@QAEXPAU?$_Tree_node@U?$pair@$$CBKPAVCaplInstanceData@@@std@@PAX@2@@Z 100091a0 f i capldll.obj
 0001:00008250       ?_Freenode0@?$_Tree_buy@U?$pair@$$CBKPAVVIACapl@@@std@@V?$allocator@U?$pair@$$CBKPAVVIACapl@@@std@@@2@@std@@QAEXPAU?$_Tree_node@U?$pair@$$CBKPAVVIACapl@@@std@@PAX@2@@Z 10009250 f i capldll.obj
 0001:00008300       ?_Get_rest@?$tuple@ABK@std@@QAEAAV?$tuple@$$$V@2@XZ 10009300 f i capldll.obj
 0001:00008310       ?_Getal@?$_Tree_alloc@$0A@U?$_Tree_base_types@U?$pair@$$CBKPAVCaplInstanceData@@@std@@V?$allocator@U?$pair@$$CBKPAVCaplInstanceData@@@std@@@2@@std@@@std@@QBE?AU?$_Wrap_alloc@V?$allocator@U?$_Tree_node@U?$pair@$$CBKPAVCaplInstanceData@@@std@@PAX@std@@@std@@@2@XZ 10009310 f i capldll.obj
 0001:00008330       ?_Getal@?$_Tree_alloc@$0A@U?$_Tree_base_types@U?$pair@$$CBKPAVVIACapl@@@std@@V?$allocator@U?$pair@$$CBKPAVVIACapl@@@std@@@2@@std@@@std@@QBE?AU?$_Wrap_alloc@V?$allocator@U?$_Tree_node@U?$pair@$$CBKPAVVIACapl@@@std@@PAX@std@@@std@@@2@XZ 10009330 f i capldll.obj
 0001:00008350       ?_Getcomp@?$_Tree_comp@$0A@V?$_Tmap_traits@KPAVCaplInstanceData@@U?$less@K@std@@V?$allocator@U?$pair@$$CBKPAVCaplInstanceData@@@std@@@3@$0A@@std@@@std@@QBE?AU?$less@K@2@XZ 10009350 f i capldll.obj
 0001:00008360       ?_Getcomp@?$_Tree_comp@$0A@V?$_Tmap_traits@KPAVVIACapl@@U?$less@K@std@@V?$allocator@U?$pair@$$CBKPAVVIACapl@@@std@@@3@$0A@@std@@@std@@QBE?AU?$less@K@2@XZ 10009360 f i capldll.obj
 0001:00008370       ?_Getcont@_Iterator_base12@std@@QBEPBU_Container_base12@2@XZ 10009370 f i capldll.obj
 0001:000083a0       ?_Getpfirst@_Container_base12@std@@QBEPAPAU_Iterator_base12@2@XZ 100093a0 f i capldll.obj
 0001:000083d0       ?_Getpnext@_Iterator_base12@std@@QAEPAPAU12@XZ 100093d0 f i capldll.obj
 0001:000083f0       ?_Isnil@?$_Tree_val@U?$_Tree_simple_types@U?$pair@$$CBKPAVCaplInstanceData@@@std@@@std@@@std@@SAAADPAU?$_Tree_node@U?$pair@$$CBKPAVCaplInstanceData@@@std@@PAX@2@@Z 100093f0 f i capldll.obj
 0001:00008400       ?_Isnil@?$_Tree_val@U?$_Tree_simple_types@U?$pair@$$CBKPAVVIACapl@@@std@@@std@@@std@@SAAADPAU?$_Tree_node@U?$pair@$$CBKPAVVIACapl@@@std@@PAX@2@@Z 10009400 f i capldll.obj
 0001:00008410       ?_Key@?$_Tree@V?$_Tmap_traits@KPAVCaplInstanceData@@U?$less@K@std@@V?$allocator@U?$pair@$$CBKPAVCaplInstanceData@@@std@@@3@$0A@@std@@@std@@IBEABKPAU?$_Tree_node@U?$pair@$$CBKPAVCaplInstanceData@@@std@@PAX@2@@Z 10009410 f i capldll.obj
 0001:00008440       ?_Key@?$_Tree@V?$_Tmap_traits@KPAVVIACapl@@U?$less@K@std@@V?$allocator@U?$pair@$$CBKPAVVIACapl@@@std@@@3@$0A@@std@@@std@@IBEABKPAU?$_Tree_node@U?$pair@$$CBKPAVVIACapl@@@std@@PAX@2@@Z 10009440 f i capldll.obj
 0001:00008470       ?_Kfn@?$_Tree@V?$_Tmap_traits@KPAVCaplInstanceData@@U?$less@K@std@@V?$allocator@U?$pair@$$CBKPAVCaplInstanceData@@@std@@@3@$0A@@std@@@std@@IBEABKABU?$pair@$$CBKPAVCaplInstanceData@@@2@@Z 10009470 f i capldll.obj
 0001:00008490       ?_Kfn@?$_Tree@V?$_Tmap_traits@KPAVVIACapl@@U?$less@K@std@@V?$allocator@U?$pair@$$CBKPAVVIACapl@@@std@@@3@$0A@@std@@@std@@IBEABKABU?$pair@$$CBKPAVVIACapl@@@2@@Z 10009490 f i capldll.obj
 0001:000084b0       ?_Lbound@?$_Tree@V?$_Tmap_traits@KPAVCaplInstanceData@@U?$less@K@std@@V?$allocator@U?$pair@$$CBKPAVCaplInstanceData@@@std@@@3@$0A@@std@@@std@@IAEPAU?$_Tree_node@U?$pair@$$CBKPAVCaplInstanceData@@@std@@PAX@2@ABK@Z 100094b0 f i capldll.obj
 0001:00008560       ?_Lbound@?$_Tree@V?$_Tmap_traits@KPAVVIACapl@@U?$less@K@std@@V?$allocator@U?$pair@$$CBKPAVVIACapl@@@std@@@3@$0A@@std@@@std@@IAEPAU?$_Tree_node@U?$pair@$$CBKPAVVIACapl@@@std@@PAX@2@ABK@Z 10009560 f i capldll.obj
 0001:00008610       ?_Left@?$_Tree_val@U?$_Tree_simple_types@U?$pair@$$CBKPAVCaplInstanceData@@@std@@@std@@@std@@SAAAPAU?$_Tree_node@U?$pair@$$CBKPAVCaplInstanceData@@@std@@PAX@2@PAU32@@Z 10009610 f i capldll.obj
 0001:00008620       ?_Left@?$_Tree_val@U?$_Tree_simple_types@U?$pair@$$CBKPAVVIACapl@@@std@@@std@@@std@@SAAAPAU?$_Tree_node@U?$pair@$$CBKPAVVIACapl@@@std@@PAX@2@PAU32@@Z 10009620 f i capldll.obj
 0001:00008630       ?_Lmost@?$_Tree@V?$_Tmap_traits@KPAVCaplInstanceData@@U?$less@K@std@@V?$allocator@U?$pair@$$CBKPAVCaplInstanceData@@@std@@@3@$0A@@std@@@std@@IBEAAPAU?$_Tree_node@U?$pair@$$CBKPAVCaplInstanceData@@@std@@PAX@2@XZ 10009630 f i capldll.obj
 0001:00008650       ?_Lmost@?$_Tree@V?$_Tmap_traits@KPAVVIACapl@@U?$less@K@std@@V?$allocator@U?$pair@$$CBKPAVVIACapl@@@std@@@3@$0A@@std@@@std@@IBEAAPAU?$_Tree_node@U?$pair@$$CBKPAVVIACapl@@@std@@PAX@2@XZ 10009650 f i capldll.obj
 0001:00008670       ?_Lrotate@?$_Tree@V?$_Tmap_traits@KPAVCaplInstanceData@@U?$less@K@std@@V?$allocator@U?$pair@$$CBKPAVCaplInstanceData@@@std@@@3@$0A@@std@@@std@@IAEXPAU?$_Tree_node@U?$pair@$$CBKPAVCaplInstanceData@@@std@@PAX@2@@Z 10009670 f i capldll.obj
 0001:000087a0       ?_Lrotate@?$_Tree@V?$_Tmap_traits@KPAVVIACapl@@U?$less@K@std@@V?$allocator@U?$pair@$$CBKPAVVIACapl@@@std@@@3@$0A@@std@@@std@@IAEXPAU?$_Tree_node@U?$pair@$$CBKPAVVIACapl@@@std@@PAX@2@@Z 100097a0 f i capldll.obj
 0001:000088d0       ?_Max@?$_Tree_val@U?$_Tree_simple_types@U?$pair@$$CBKPAVCaplInstanceData@@@std@@@std@@@std@@SAPAU?$_Tree_node@U?$pair@$$CBKPAVCaplInstanceData@@@std@@PAX@2@PAU32@@Z 100098d0 f i capldll.obj
 0001:00008910       ?_Max@?$_Tree_val@U?$_Tree_simple_types@U?$pair@$$CBKPAVVIACapl@@@std@@@std@@@std@@SAPAU?$_Tree_node@U?$pair@$$CBKPAVVIACapl@@@std@@PAX@2@PAU32@@Z 10009910 f i capldll.obj
 0001:00008950       ?_Min@?$_Tree_val@U?$_Tree_simple_types@U?$pair@$$CBKPAVCaplInstanceData@@@std@@@std@@@std@@SAPAU?$_Tree_node@U?$pair@$$CBKPAVCaplInstanceData@@@std@@PAX@2@PAU32@@Z 10009950 f i capldll.obj
 0001:00008990       ?_Min@?$_Tree_val@U?$_Tree_simple_types@U?$pair@$$CBKPAVVIACapl@@@std@@@std@@@std@@SAPAU?$_Tree_node@U?$pair@$$CBKPAVVIACapl@@@std@@PAX@2@PAU32@@Z 10009990 f i capldll.obj
 0001:000089d0       ?_Mynode@?$_Tree_unchecked_const_iterator@V?$_Tree_val@U?$_Tree_simple_types@U?$pair@$$CBKPAVCaplInstanceData@@@std@@@std@@@std@@U_Iterator_base12@2@@std@@QBEPAU?$_Tree_node@U?$pair@$$CBKPAVCaplInstanceData@@@std@@PAX@2@XZ 100099d0 f i capldll.obj
 0001:000089f0       ?_Mynode@?$_Tree_unchecked_const_iterator@V?$_Tree_val@U?$_Tree_simple_types@U?$pair@$$CBKPAVVIACapl@@@std@@@std@@@std@@U_Iterator_base12@2@@std@@QBEPAU?$_Tree_node@U?$pair@$$CBKPAVVIACapl@@@std@@PAX@2@XZ 100099f0 f i capldll.obj
 0001:00008a10       ?_Myval@?$_Tree_val@U?$_Tree_simple_types@U?$pair@$$CBKPAVCaplInstanceData@@@std@@@std@@@std@@SAAAU?$pair@$$CBKPAVCaplInstanceData@@@2@PAU?$_Tree_node@U?$pair@$$CBKPAVCaplInstanceData@@@std@@PAX@2@@Z 10009a10 f i capldll.obj
 0001:00008a20       ?_Myval@?$_Tree_val@U?$_Tree_simple_types@U?$pair@$$CBKPAVVIACapl@@@std@@@std@@@std@@SAAAU?$pair@$$CBKPAVVIACapl@@@2@PAU?$_Tree_node@U?$pair@$$CBKPAVVIACapl@@@std@@PAX@2@@Z 10009a20 f i capldll.obj
 0001:00008a30       ?_Orphan_all@_Container_base12@std@@QAEXXZ 10009a30 f i capldll.obj
 0001:00008aa0       ?_Orphan_me@_Iterator_base12@std@@QAEXXZ 10009aa0 f i capldll.obj
 0001:00008b20       ?_Orphan_ptr@?$_Tree@V?$_Tmap_traits@KPAVCaplInstanceData@@U?$less@K@std@@V?$allocator@U?$pair@$$CBKPAVCaplInstanceData@@@std@@@3@$0A@@std@@@std@@IBEXAAV12@PAU?$_Tree_node@U?$pair@$$CBKPAVCaplInstanceData@@@std@@PAX@2@@Z 10009b20 f i capldll.obj
 0001:00008bf0       ?_Orphan_ptr@?$_Tree@V?$_Tmap_traits@KPAVVIACapl@@U?$less@K@std@@V?$allocator@U?$pair@$$CBKPAVVIACapl@@@std@@@3@$0A@@std@@@std@@IBEXAAV12@PAU?$_Tree_node@U?$pair@$$CBKPAVVIACapl@@@std@@PAX@2@@Z 10009bf0 f i capldll.obj
 0001:00008cc0       ?_Parent@?$_Tree_val@U?$_Tree_simple_types@U?$pair@$$CBKPAVCaplInstanceData@@@std@@@std@@@std@@SAAAPAU?$_Tree_node@U?$pair@$$CBKPAVCaplInstanceData@@@std@@PAX@2@PAU32@@Z 10009cc0 f i capldll.obj
 0001:00008cd0       ?_Parent@?$_Tree_val@U?$_Tree_simple_types@U?$pair@$$CBKPAVVIACapl@@@std@@@std@@@std@@SAAAPAU?$_Tree_node@U?$pair@$$CBKPAVVIACapl@@@std@@PAX@2@PAU32@@Z 10009cd0 f i capldll.obj
 0001:00008ce0       ?_Right@?$_Tree_val@U?$_Tree_simple_types@U?$pair@$$CBKPAVCaplInstanceData@@@std@@@std@@@std@@SAAAPAU?$_Tree_node@U?$pair@$$CBKPAVCaplInstanceData@@@std@@PAX@2@PAU32@@Z 10009ce0 f i capldll.obj
 0001:00008cf0       ?_Right@?$_Tree_val@U?$_Tree_simple_types@U?$pair@$$CBKPAVVIACapl@@@std@@@std@@@std@@SAAAPAU?$_Tree_node@U?$pair@$$CBKPAVVIACapl@@@std@@PAX@2@PAU32@@Z 10009cf0 f i capldll.obj
 0001:00008d00       ?_Rmost@?$_Tree@V?$_Tmap_traits@KPAVCaplInstanceData@@U?$less@K@std@@V?$allocator@U?$pair@$$CBKPAVCaplInstanceData@@@std@@@3@$0A@@std@@@std@@IBEAAPAU?$_Tree_node@U?$pair@$$CBKPAVCaplInstanceData@@@std@@PAX@2@XZ 10009d00 f i capldll.obj
 0001:00008d20       ?_Rmost@?$_Tree@V?$_Tmap_traits@KPAVVIACapl@@U?$less@K@std@@V?$allocator@U?$pair@$$CBKPAVVIACapl@@@std@@@3@$0A@@std@@@std@@IBEAAPAU?$_Tree_node@U?$pair@$$CBKPAVVIACapl@@@std@@PAX@2@XZ 10009d20 f i capldll.obj
 0001:00008d40       ?_Root@?$_Tree@V?$_Tmap_traits@KPAVCaplInstanceData@@U?$less@K@std@@V?$allocator@U?$pair@$$CBKPAVCaplInstanceData@@@std@@@3@$0A@@std@@@std@@IBEAAPAU?$_Tree_node@U?$pair@$$CBKPAVCaplInstanceData@@@std@@PAX@2@XZ 10009d40 f i capldll.obj
 0001:00008d60       ?_Root@?$_Tree@V?$_Tmap_traits@KPAVVIACapl@@U?$less@K@std@@V?$allocator@U?$pair@$$CBKPAVVIACapl@@@std@@@3@$0A@@std@@@std@@IBEAAPAU?$_Tree_node@U?$pair@$$CBKPAVVIACapl@@@std@@PAX@2@XZ 10009d60 f i capldll.obj
 0001:00008d80       ?_Rrotate@?$_Tree@V?$_Tmap_traits@KPAVCaplInstanceData@@U?$less@K@std@@V?$allocator@U?$pair@$$CBKPAVCaplInstanceData@@@std@@@3@$0A@@std@@@std@@IAEXPAU?$_Tree_node@U?$pair@$$CBKPAVCaplInstanceData@@@std@@PAX@2@@Z 10009d80 f i capldll.obj
 0001:00008eb0       ?_Rrotate@?$_Tree@V?$_Tmap_traits@KPAVVIACapl@@U?$less@K@std@@V?$allocator@U?$pair@$$CBKPAVVIACapl@@@std@@@3@$0A@@std@@@std@@IAEXPAU?$_Tree_node@U?$pair@$$CBKPAVVIACapl@@@std@@PAX@2@@Z 10009eb0 f i capldll.obj
 0001:00008fe0       ?_Tidy@?$_Tree@V?$_Tmap_traits@KPAVCaplInstanceData@@U?$less@K@std@@V?$allocator@U?$pair@$$CBKPAVCaplInstanceData@@@std@@@3@$0A@@std@@@std@@IAEXXZ 10009fe0 f i capldll.obj
 0001:000090c0       ?_Tidy@?$_Tree@V?$_Tmap_traits@KPAVVIACapl@@U?$less@K@std@@V?$allocator@U?$pair@$$CBKPAVVIACapl@@@std@@@3@$0A@@std@@@std@@IAEXXZ 1000a0c0 f i capldll.obj
 0001:000091a0       ?allocate@?$_Wrap_alloc@V?$allocator@U?$_Tree_node@U?$pair@$$CBKPAVCaplInstanceData@@@std@@PAX@std@@@std@@@std@@QAEPAU?$_Tree_node@U?$pair@$$CBKPAVCaplInstanceData@@@std@@PAX@2@I@Z 1000a1a0 f i capldll.obj
 0001:000091c0       ?allocate@?$_Wrap_alloc@V?$allocator@U?$_Tree_node@U?$pair@$$CBKPAVVIACapl@@@std@@PAX@std@@@std@@@std@@QAEPAU?$_Tree_node@U?$pair@$$CBKPAVVIACapl@@@std@@PAX@2@I@Z 1000a1c0 f i capldll.obj
 0001:000091e0       ?allocate@?$_Wrap_alloc@V?$allocator@U_Container_proxy@std@@@std@@@std@@QAEPAU_Container_proxy@2@I@Z 1000a1e0 f i capldll.obj
 0001:00009200       ?allocate@?$allocator@U?$_Tree_node@U?$pair@$$CBKPAVCaplInstanceData@@@std@@PAX@std@@@std@@QAEPAU?$_Tree_node@U?$pair@$$CBKPAVCaplInstanceData@@@std@@PAX@2@I@Z 1000a200 f i capldll.obj
 0001:00009220       ?allocate@?$allocator@U?$_Tree_node@U?$pair@$$CBKPAVVIACapl@@@std@@PAX@std@@@std@@QAEPAU?$_Tree_node@U?$pair@$$CBKPAVVIACapl@@@std@@PAX@2@I@Z 1000a220 f i capldll.obj
 0001:00009240       ?allocate@?$allocator@U_Container_proxy@std@@@std@@QAEPAU_Container_proxy@2@I@Z 1000a240 f i capldll.obj
 0001:00009260       ?begin@?$_Tree@V?$_Tmap_traits@KPAVCaplInstanceData@@U?$less@K@std@@V?$allocator@U?$pair@$$CBKPAVCaplInstanceData@@@std@@@3@$0A@@std@@@std@@QAE?AV?$_Tree_iterator@V?$_Tree_val@U?$_Tree_simple_types@U?$pair@$$CBKPAVCaplInstanceData@@@std@@@std@@@std@@@2@XZ 1000a260 f i capldll.obj
 0001:00009290       ?begin@?$_Tree@V?$_Tmap_traits@KPAVVIACapl@@U?$less@K@std@@V?$allocator@U?$pair@$$CBKPAVVIACapl@@@std@@@3@$0A@@std@@@std@@QAE?AV?$_Tree_iterator@V?$_Tree_val@U?$_Tree_simple_types@U?$pair@$$CBKPAVVIACapl@@@std@@@std@@@std@@@2@XZ 1000a290 f i capldll.obj
 0001:000092c0       ?clear@?$_Tree@V?$_Tmap_traits@KPAVCaplInstanceData@@U?$less@K@std@@V?$allocator@U?$pair@$$CBKPAVCaplInstanceData@@@std@@@3@$0A@@std@@@std@@QAEXXZ 1000a2c0 f i capldll.obj
 0001:00009330       ?clear@?$_Tree@V?$_Tmap_traits@KPAVVIACapl@@U?$less@K@std@@V?$allocator@U?$pair@$$CBKPAVVIACapl@@@std@@@3@$0A@@std@@@std@@QAEXXZ 1000a330 f i capldll.obj
 0001:000093a0       ?deallocate@?$_Wrap_alloc@V?$allocator@U?$_Tree_node@U?$pair@$$CBKPAVCaplInstanceData@@@std@@PAX@std@@@std@@@std@@QAEXPAU?$_Tree_node@U?$pair@$$CBKPAVCaplInstanceData@@@std@@PAX@2@I@Z 1000a3a0 f i capldll.obj
 0001:000093c0       ?deallocate@?$_Wrap_alloc@V?$allocator@U?$_Tree_node@U?$pair@$$CBKPAVVIACapl@@@std@@PAX@std@@@std@@@std@@QAEXPAU?$_Tree_node@U?$pair@$$CBKPAVVIACapl@@@std@@PAX@2@I@Z 1000a3c0 f i capldll.obj
 0001:000093e0       ?deallocate@?$_Wrap_alloc@V?$allocator@U_Container_proxy@std@@@std@@@std@@QAEXPAU_Container_proxy@2@I@Z 1000a3e0 f i capldll.obj
 0001:00009400       ?deallocate@?$allocator@U?$_Tree_node@U?$pair@$$CBKPAVCaplInstanceData@@@std@@PAX@std@@@std@@QAEXPAU?$_Tree_node@U?$pair@$$CBKPAVCaplInstanceData@@@std@@PAX@2@I@Z 1000a400 f i capldll.obj
 0001:00009420       ?deallocate@?$allocator@U?$_Tree_node@U?$pair@$$CBKPAVVIACapl@@@std@@PAX@std@@@std@@QAEXPAU?$_Tree_node@U?$pair@$$CBKPAVVIACapl@@@std@@PAX@2@I@Z 1000a420 f i capldll.obj
 0001:00009440       ?deallocate@?$allocator@U_Container_proxy@std@@@std@@QAEXPAU_Container_proxy@2@I@Z 1000a440 f i capldll.obj
 0001:00009460       ?end@?$_Tree@V?$_Tmap_traits@KPAVCaplInstanceData@@U?$less@K@std@@V?$allocator@U?$pair@$$CBKPAVCaplInstanceData@@@std@@@3@$0A@@std@@@std@@QAE?AV?$_Tree_iterator@V?$_Tree_val@U?$_Tree_simple_types@U?$pair@$$CBKPAVCaplInstanceData@@@std@@@std@@@std@@@2@XZ 1000a460 f i capldll.obj
 0001:00009490       ?end@?$_Tree@V?$_Tmap_traits@KPAVVIACapl@@U?$less@K@std@@V?$allocator@U?$pair@$$CBKPAVVIACapl@@@std@@@3@$0A@@std@@@std@@QAE?AV?$_Tree_iterator@V?$_Tree_val@U?$_Tree_simple_types@U?$pair@$$CBKPAVVIACapl@@@std@@@std@@@std@@@2@XZ 1000a490 f i capldll.obj
 0001:000094c0       ?equal_range@?$_Tree@V?$_Tmap_traits@KPAVCaplInstanceData@@U?$less@K@std@@V?$allocator@U?$pair@$$CBKPAVCaplInstanceData@@@std@@@3@$0A@@std@@@std@@QAE?AU?$pair@V?$_Tree_iterator@V?$_Tree_val@U?$_Tree_simple_types@U?$pair@$$CBKPAVCaplInstanceData@@@std@@@std@@@std@@@std@@V12@@2@ABK@Z 1000a4c0 f i capldll.obj
 0001:00009500       ?erase@?$_Tree@V?$_Tmap_traits@KPAVCaplInstanceData@@U?$less@K@std@@V?$allocator@U?$pair@$$CBKPAVCaplInstanceData@@@std@@@3@$0A@@std@@@std@@QAE?AV?$_Tree_iterator@V?$_Tree_val@U?$_Tree_simple_types@U?$pair@$$CBKPAVCaplInstanceData@@@std@@@std@@@std@@@2@V?$_Tree_const_iterator@V?$_Tree_val@U?$_Tree_simple_types@U?$pair@$$CBKPAVCaplInstanceData@@@std@@@std@@@std@@@2@0@Z 1000a500 f i capldll.obj
 0001:000096e0       ?erase@?$_Tree@V?$_Tmap_traits@KPAVCaplInstanceData@@U?$less@K@std@@V?$allocator@U?$pair@$$CBKPAVCaplInstanceData@@@std@@@3@$0A@@std@@@std@@QAE?AV?$_Tree_iterator@V?$_Tree_val@U?$_Tree_simple_types@U?$pair@$$CBKPAVCaplInstanceData@@@std@@@std@@@std@@@2@V?$_Tree_const_iterator@V?$_Tree_val@U?$_Tree_simple_types@U?$pair@$$CBKPAVCaplInstanceData@@@std@@@std@@@std@@@2@@Z 1000a6e0 f i capldll.obj
 0001:00009ef0       ?erase@?$_Tree@V?$_Tmap_traits@KPAVCaplInstanceData@@U?$less@K@std@@V?$allocator@U?$pair@$$CBKPAVCaplInstanceData@@@std@@@3@$0A@@std@@@std@@QAEIABK@Z 1000aef0 f i capldll.obj
 0001:00009ff0       ?erase@?$_Tree@V?$_Tmap_traits@KPAVVIACapl@@U?$less@K@std@@V?$allocator@U?$pair@$$CBKPAVVIACapl@@@std@@@3@$0A@@std@@@std@@QAE?AV?$_Tree_iterator@V?$_Tree_val@U?$_Tree_simple_types@U?$pair@$$CBKPAVVIACapl@@@std@@@std@@@std@@@2@V?$_Tree_const_iterator@V?$_Tree_val@U?$_Tree_simple_types@U?$pair@$$CBKPAVVIACapl@@@std@@@std@@@std@@@2@0@Z 1000aff0 f i capldll.obj
 0001:0000a1d0       ?erase@?$_Tree@V?$_Tmap_traits@KPAVVIACapl@@U?$less@K@std@@V?$allocator@U?$pair@$$CBKPAVVIACapl@@@std@@@3@$0A@@std@@@std@@QAE?AV?$_Tree_iterator@V?$_Tree_val@U?$_Tree_simple_types@U?$pair@$$CBKPAVVIACapl@@@std@@@std@@@std@@@2@V?$_Tree_const_iterator@V?$_Tree_val@U?$_Tree_simple_types@U?$pair@$$CBKPAVVIACapl@@@std@@@std@@@std@@@2@@Z 1000b1d0 f i capldll.obj
 0001:0000a9e0       ?find@?$_Tree@V?$_Tmap_traits@KPAVCaplInstanceData@@U?$less@K@std@@V?$allocator@U?$pair@$$CBKPAVCaplInstanceData@@@std@@@3@$0A@@std@@@std@@QAE?AV?$_Tree_iterator@V?$_Tree_val@U?$_Tree_simple_types@U?$pair@$$CBKPAVCaplInstanceData@@@std@@@std@@@std@@@2@ABK@Z 1000b9e0 f i capldll.obj
 0001:0000ab90       ?find@?$_Tree@V?$_Tmap_traits@KPAVVIACapl@@U?$less@K@std@@V?$allocator@U?$pair@$$CBKPAVVIACapl@@@std@@@3@$0A@@std@@@std@@QAE?AV?$_Tree_iterator@V?$_Tree_val@U?$_Tree_simple_types@U?$pair@$$CBKPAVVIACapl@@@std@@@std@@@std@@@2@ABK@Z 1000bb90 f i capldll.obj
 0001:0000ad40       ?lower_bound@?$_Tree@V?$_Tmap_traits@KPAVCaplInstanceData@@U?$less@K@std@@V?$allocator@U?$pair@$$CBKPAVCaplInstanceData@@@std@@@3@$0A@@std@@@std@@QAE?AV?$_Tree_iterator@V?$_Tree_val@U?$_Tree_simple_types@U?$pair@$$CBKPAVCaplInstanceData@@@std@@@std@@@std@@@2@ABK@Z 1000bd40 f i capldll.obj
 0001:0000ad80       ?lower_bound@?$_Tree@V?$_Tmap_traits@KPAVVIACapl@@U?$less@K@std@@V?$allocator@U?$pair@$$CBKPAVVIACapl@@@std@@@3@$0A@@std@@@std@@QAE?AV?$_Tree_iterator@V?$_Tree_val@U?$_Tree_simple_types@U?$pair@$$CBKPAVVIACapl@@@std@@@std@@@std@@@2@ABK@Z 1000bd80 f i capldll.obj
 0001:0000adc0       ?max_size@?$_Tree@V?$_Tmap_traits@KPAVCaplInstanceData@@U?$less@K@std@@V?$allocator@U?$pair@$$CBKPAVCaplInstanceData@@@std@@@3@$0A@@std@@@std@@QBEIXZ 1000bdc0 f i capldll.obj
 0001:0000ade0       ?max_size@?$_Tree@V?$_Tmap_traits@KPAVVIACapl@@U?$less@K@std@@V?$allocator@U?$pair@$$CBKPAVVIACapl@@@std@@@3@$0A@@std@@@std@@QBEIXZ 1000bde0 f i capldll.obj
 0001:0000ae00       ?max_size@?$_Wrap_alloc@V?$allocator@U?$_Tree_node@U?$pair@$$CBKPAVCaplInstanceData@@@std@@PAX@std@@@std@@@std@@QBEIXZ 1000be00 f i capldll.obj
 0001:0000ae20       ?max_size@?$_Wrap_alloc@V?$allocator@U?$_Tree_node@U?$pair@$$CBKPAVVIACapl@@@std@@PAX@std@@@std@@@std@@QBEIXZ 1000be20 f i capldll.obj
 0001:0000ae40       ?max_size@?$allocator@U?$_Tree_node@U?$pair@$$CBKPAVCaplInstanceData@@@std@@PAX@std@@@std@@QBEIXZ 1000be40 f i capldll.obj
 0001:0000ae50       ?max_size@?$allocator@U?$_Tree_node@U?$pair@$$CBKPAVVIACapl@@@std@@PAX@std@@@std@@QBEIXZ 1000be50 f i capldll.obj
 0001:0000ae60       ?max_size@?$allocator_traits@V?$allocator@U?$_Tree_node@U?$pair@$$CBKPAVCaplInstanceData@@@std@@PAX@std@@@std@@@std@@SAIABV?$allocator@U?$_Tree_node@U?$pair@$$CBKPAVCaplInstanceData@@@std@@PAX@std@@@2@@Z 1000be60 f i capldll.obj
 0001:0000ae70       ?max_size@?$allocator_traits@V?$allocator@U?$_Tree_node@U?$pair@$$CBKPAVVIACapl@@@std@@PAX@std@@@std@@@std@@SAIABV?$allocator@U?$_Tree_node@U?$pair@$$CBKPAVVIACapl@@@std@@PAX@std@@@2@@Z 1000be70 f i capldll.obj
 0001:0000ae80       ?pointer_to@?$pointer_traits@PAU?$pair@$$CBKPAVCaplInstanceData@@@std@@@std@@SAPAU?$pair@$$CBKPAVCaplInstanceData@@@2@AAU32@@Z 1000be80 f i capldll.obj
 0001:0000aea0       ?pointer_to@?$pointer_traits@PAU?$pair@$$CBKPAVVIACapl@@@std@@@std@@SAPAU?$pair@$$CBKPAVVIACapl@@@2@AAU32@@Z 1000bea0 f i capldll.obj
 0001:0000aec0       ?size@?$_Tree@V?$_Tmap_traits@KPAVCaplInstanceData@@U?$less@K@std@@V?$allocator@U?$pair@$$CBKPAVCaplInstanceData@@@std@@@3@$0A@@std@@@std@@QBEIXZ 1000bec0 f i capldll.obj
 0001:0000aee0       ?size@?$_Tree@V?$_Tmap_traits@KPAVVIACapl@@U?$less@K@std@@V?$allocator@U?$pair@$$CBKPAVVIACapl@@@std@@@3@$0A@@std@@@std@@QBEIXZ 1000bee0 f i capldll.obj
 0001:0000af00       _hypot                     1000bf00 f i capldll.obj
 0001:0000af28       _HeapAlloc@12              1000bf28 f   kernel32:KERNEL32.dll
 0001:0000af2e       _HeapFree@12               1000bf2e f   kernel32:KERNEL32.dll
 0001:0000af34       _GetProcessHeap@0          1000bf34 f   kernel32:KERNEL32.dll
 0001:0000af3a       _GetModuleFileNameA@12     1000bf3a f   kernel32:KERNEL32.dll
 0001:0000af40       ??0_Init_locks@std@@QAE@XZ 1000bf40 f   libcpmtd:xlock.obj
 0001:0000af90       ??0_Lockit@std@@QAE@H@Z    1000bf90 f   libcpmtd:xlock.obj
 0001:0000afe0       ??0_Lockit@std@@QAE@XZ     1000bfe0 f   libcpmtd:xlock.obj
 0001:0000b030       ??1_Init_locks@std@@QAE@XZ 1000c030 f   libcpmtd:xlock.obj
 0001:0000b080       ??1_Lockit@std@@QAE@XZ     1000c080 f   libcpmtd:xlock.obj
 0001:0000b0c0       ?_Init_locks_ctor@_Init_locks@std@@CAXPAV12@@Z 1000c0c0 f   libcpmtd:xlock.obj
 0001:0000b110       ?_Init_locks_dtor@_Init_locks@std@@CAXPAV12@@Z 1000c110 f   libcpmtd:xlock.obj
 0001:0000b160       ?_Lockit_ctor@_Lockit@std@@CAXPAV12@@Z 1000c160 f   libcpmtd:xlock.obj
 0001:0000b180       ?_Lockit_ctor@_Lockit@std@@CAXPAV12@H@Z 1000c180 f   libcpmtd:xlock.obj
 0001:0000b1c0       ?_Lockit_ctor@_Lockit@std@@SAXH@Z 1000c1c0 f   libcpmtd:xlock.obj
 0001:0000b1f0       ?_Lockit_dtor@_Lockit@std@@CAXPAV12@@Z 1000c1f0 f   libcpmtd:xlock.obj
 0001:0000b210       ?_Lockit_dtor@_Lockit@std@@SAXH@Z 1000c210 f   libcpmtd:xlock.obj
 0001:0000b240       ?_Debug_message@std@@YAXPBG0I@Z 1000c240 f   libcpmtd:stdthrow.obj
 0001:0000b260       ?_Debug_message@std@@YAXPB_W0I@Z 1000c260 f   libcpmtd:stdthrow.obj
 0001:0000b290       ??$_Allocate@D@std@@YAPADIPAD@Z 1000c290 f i libcpmtd:xthrow.obj
 0001:0000b2d0       ??$_Debug_pointer@D@std@@YAXPBDPB_WI@Z 1000c2d0 f i libcpmtd:xthrow.obj
 0001:0000b2f0       ??$addressof@D@std@@YAPADAAD@Z 1000c2f0 f i libcpmtd:xthrow.obj
 0001:0000b300       ??$construct@PADAAPAD@?$_Wrap_alloc@V?$allocator@D@std@@@std@@QAEXPAPADAAPAD@Z 1000c300 f i libcpmtd:xthrow.obj
 0001:0000b330       ??$construct@PADAAPAD@?$allocator@D@std@@QAEXPAPADAAPAD@Z 1000c330 f i libcpmtd:xthrow.obj
 0001:0000b3c0       ??$construct@PADAAPAD@?$allocator_traits@V?$allocator@D@std@@@std@@SAXAAV?$allocator@D@1@PAPADAAPAD@Z 1000c3c0 f i libcpmtd:xthrow.obj
 0001:0000b3e0       ??$destroy@PAD@?$_Wrap_alloc@V?$allocator@D@std@@@std@@QAEXPAPAD@Z 1000c3e0 f i libcpmtd:xthrow.obj
 0001:0000b400       ??$destroy@PAD@?$allocator@D@std@@QAEXPAPAD@Z 1000c400 f i libcpmtd:xthrow.obj
 0001:0000b410       ??$destroy@PAD@?$allocator_traits@V?$allocator@D@std@@@std@@SAXAAV?$allocator@D@1@PAPAD@Z 1000c410 f i libcpmtd:xthrow.obj
 0001:0000b430       ??$forward@AAPAD@std@@YAAAPADAAPAD@Z 1000c430 f i libcpmtd:xthrow.obj
 0001:0000b440       ??0?$_String_alloc@$0A@U?$_String_base_types@DV?$allocator@D@std@@@std@@@std@@QAE@ABV?$allocator@D@1@@Z 1000c440 f i libcpmtd:xthrow.obj
 0001:0000b4a0       ??0?$_String_val@U?$_Simple_types@D@std@@@std@@QAE@XZ 1000c4a0 f i libcpmtd:xthrow.obj
 0001:0000b4d0       ??0?$_Wrap_alloc@V?$allocator@D@std@@@std@@QAE@XZ 1000c4d0 f i libcpmtd:xthrow.obj
 0001:0000b4f0       ??0?$allocator@D@std@@QAE@XZ 1000c4f0 f i libcpmtd:xthrow.obj
 0001:0000b500       ??0?$allocator@U_Container_proxy@std@@@std@@QAE@XZ 1000c500 f i libcpmtd:xthrow.obj
 0001:0000b510       ??0?$basic_string@DU?$char_traits@D@std@@V?$allocator@D@2@@std@@QAE@PBD@Z 1000c510 f i libcpmtd:xthrow.obj
 0001:0000b590       ??0_Generic_error_category@std@@QAE@XZ 1000c590 f i libcpmtd:xthrow.obj
 0001:0000b5b0       ??0_Iostream_error_category@std@@QAE@XZ 1000c5b0 f i libcpmtd:xthrow.obj
 0001:0000b5d0       ??0_System_error_category@std@@QAE@XZ 1000c5d0 f i libcpmtd:xthrow.obj
 0001:0000b5f0       ??0bad_alloc@std@@QAE@ABV01@@Z 1000c5f0 f i libcpmtd:xthrow.obj
 0001:0000b620       ??0bad_alloc@std@@QAE@XZ   1000c620 f i libcpmtd:xthrow.obj
 0001:0000b650       ??0bad_function_call@std@@QAE@ABV01@@Z 1000c650 f i libcpmtd:xthrow.obj
 0001:0000b680       ??0bad_function_call@std@@QAE@PBD@Z 1000c680 f i libcpmtd:xthrow.obj
 0001:0000b6b0       ??0error_category@std@@QAE@XZ 1000c6b0 f i libcpmtd:xthrow.obj
 0001:0000b6d0       ??0error_condition@std@@QAE@HABVerror_category@1@@Z 1000c6d0 f i libcpmtd:xthrow.obj
 0001:0000b700       ??0id@locale@std@@QAE@I@Z  1000c700 f i libcpmtd:xthrow.obj
 0001:0000b720       ??0invalid_argument@std@@QAE@ABV01@@Z 1000c720 f i libcpmtd:xthrow.obj
 0001:0000b750       ??0invalid_argument@std@@QAE@PBD@Z 1000c750 f i libcpmtd:xthrow.obj
 0001:0000b780       ??0length_error@std@@QAE@ABV01@@Z 1000c780 f i libcpmtd:xthrow.obj
 0001:0000b7b0       ??0length_error@std@@QAE@PBD@Z 1000c7b0 f i libcpmtd:xthrow.obj
 0001:0000b7e0       ??0logic_error@std@@QAE@ABV01@@Z 1000c7e0 f i libcpmtd:xthrow.obj
 0001:0000b810       ??0logic_error@std@@QAE@PBD@Z 1000c810 f i libcpmtd:xthrow.obj
 0001:0000b840       ??0out_of_range@std@@QAE@ABV01@@Z 1000c840 f i libcpmtd:xthrow.obj
 0001:0000b870       ??0out_of_range@std@@QAE@PBD@Z 1000c870 f i libcpmtd:xthrow.obj
 0001:0000b8a0       ??0overflow_error@std@@QAE@ABV01@@Z 1000c8a0 f i libcpmtd:xthrow.obj
 0001:0000b8d0       ??0overflow_error@std@@QAE@PBD@Z 1000c8d0 f i libcpmtd:xthrow.obj
 0001:0000b900       ??0regex_error@std@@QAE@ABV01@@Z 1000c900 f i libcpmtd:xthrow.obj
 0001:0000b940       ??0regex_error@std@@QAE@W4error_type@regex_constants@1@@Z 1000c940 f i libcpmtd:xthrow.obj
 0001:0000b980       ??0runtime_error@std@@QAE@ABV01@@Z 1000c980 f i libcpmtd:xthrow.obj
 0001:0000b9b0       ??0runtime_error@std@@QAE@PBD@Z 1000c9b0 f i libcpmtd:xthrow.obj
 0001:0000b9e0       ??1?$_String_alloc@$0A@U?$_String_base_types@DV?$allocator@D@std@@@std@@@std@@QAE@XZ 1000c9e0 f i libcpmtd:xthrow.obj
 0001:0000ba00       ??1?$_String_val@U?$_Simple_types@D@std@@@std@@QAE@XZ 1000ca00 f i libcpmtd:xthrow.obj
 0001:0000ba20       ??1_Generic_error_category@std@@UAE@XZ 1000ca20 f i libcpmtd:xthrow.obj
 0001:0000ba40       ??1_Iostream_error_category@std@@UAE@XZ 1000ca40 f i libcpmtd:xthrow.obj
 0001:0000ba60       ??1_System_error_category@std@@UAE@XZ 1000ca60 f i libcpmtd:xthrow.obj
 0001:0000ba80       ??1bad_alloc@std@@UAE@XZ   1000ca80 f i libcpmtd:xthrow.obj
 0001:0000baa0       ??1bad_function_call@std@@UAE@XZ 1000caa0 f i libcpmtd:xthrow.obj
 0001:0000bac0       ??1error_category@std@@UAE@XZ 1000cac0 f i libcpmtd:xthrow.obj
 0001:0000bae0       ??1invalid_argument@std@@UAE@XZ 1000cae0 f i libcpmtd:xthrow.obj
 0001:0000bb00       ??1length_error@std@@UAE@XZ 1000cb00 f i libcpmtd:xthrow.obj
 0001:0000bb20       ??1logic_error@std@@UAE@XZ 1000cb20 f i libcpmtd:xthrow.obj
 0001:0000bb40       ??1out_of_range@std@@UAE@XZ 1000cb40 f i libcpmtd:xthrow.obj
 0001:0000bb60       ??1overflow_error@std@@UAE@XZ 1000cb60 f i libcpmtd:xthrow.obj
 0001:0000bb80       ??1regex_error@std@@UAE@XZ 1000cb80 f i libcpmtd:xthrow.obj
 0001:0000bba0       ??1runtime_error@std@@UAE@XZ 1000cba0 f i libcpmtd:xthrow.obj
 0001:0000bbc0       ??8error_category@std@@QBE_NABV01@@Z 1000cbc0 f i libcpmtd:xthrow.obj
 0001:0000bbf0       ??8error_condition@std@@QBE_NABV01@@Z 1000cbf0 f i libcpmtd:xthrow.obj
 0001:0000bc50       ??_G_Generic_error_category@std@@UAEPAXI@Z 1000cc50 f i libcpmtd:xthrow.obj
 0001:0000bc50       ??_E_Generic_error_category@std@@UAEPAXI@Z 1000cc50 f i libcpmtd:xthrow.obj
 0001:0000bc80       ??_G_Iostream_error_category@std@@UAEPAXI@Z 1000cc80 f i libcpmtd:xthrow.obj
 0001:0000bc80       ??_E_Iostream_error_category@std@@UAEPAXI@Z 1000cc80 f i libcpmtd:xthrow.obj
 0001:0000bcb0       ??_E_System_error_category@std@@UAEPAXI@Z 1000ccb0 f i libcpmtd:xthrow.obj
 0001:0000bcb0       ??_G_System_error_category@std@@UAEPAXI@Z 1000ccb0 f i libcpmtd:xthrow.obj
 0001:0000bce0       ??_Ebad_alloc@std@@UAEPAXI@Z 1000cce0 f i libcpmtd:xthrow.obj
 0001:0000bce0       ??_Gbad_alloc@std@@UAEPAXI@Z 1000cce0 f i libcpmtd:xthrow.obj
 0001:0000bd10       ??_Gbad_function_call@std@@UAEPAXI@Z 1000cd10 f i libcpmtd:xthrow.obj
 0001:0000bd10       ??_Ebad_function_call@std@@UAEPAXI@Z 1000cd10 f i libcpmtd:xthrow.obj
 0001:0000bd40       ??_Gerror_category@std@@UAEPAXI@Z 1000cd40 f i libcpmtd:xthrow.obj
 0001:0000bd40       ??_Eerror_category@std@@UAEPAXI@Z 1000cd40 f i libcpmtd:xthrow.obj
 0001:0000bd70       ??_Einvalid_argument@std@@UAEPAXI@Z 1000cd70 f i libcpmtd:xthrow.obj
 0001:0000bd70       ??_Ginvalid_argument@std@@UAEPAXI@Z 1000cd70 f i libcpmtd:xthrow.obj
 0001:0000bda0       ??_Glength_error@std@@UAEPAXI@Z 1000cda0 f i libcpmtd:xthrow.obj
 0001:0000bda0       ??_Elength_error@std@@UAEPAXI@Z 1000cda0 f i libcpmtd:xthrow.obj
 0001:0000bdd0       ??_Elogic_error@std@@UAEPAXI@Z 1000cdd0 f i libcpmtd:xthrow.obj
[...]
 0002:00011fb4       __ehfuncinfo$??$?0AAV?$_Tree_iterator@V?$_Tree_val@U?$_Tree_simple_types@U?$pair@$$CBKPAVCaplInstanceData@@@std@@@std@@@std@@@std@@_NX@?$pair@V?$_Tree_iterator@V?$_Tree_val@U?$_Tree_simple_types@U?$pair@$$CBKPAVCaplInstanceData@@@std@@@std@@@std@@@std@@_N@std@@QAE@AAV?$_Tree_iterator@V?$_Tree_val@U?$_Tree_simple_types@U?$pair@$$CBKPAVCaplInstanceData@@@std@@@std@@@std@@@1@$$QA_N@Z 1006afb4     capldll.obj
 0002:00011fd8       __unwindtable$??$?0V?$_Tree_iterator@V?$_Tree_val@U?$_Tree_simple_types@U?$pair@$$CBKPAVVIACapl@@@std@@@std@@@std@@@std@@_NX@?$pair@V?$_Tree_iterator@V?$_Tree_val@U?$_Tree_simple_types@U?$pair@$$CBKPAVVIACapl@@@std@@@std@@@std@@@std@@_N@std@@QAE@$$QAV?$_Tree_iterator@V?$_Tree_val@U?$_Tree_simple_types@U?$pair@$$CBKPAVVIACapl@@@std@@@std@@@std@@@1@$$QA_N@Z 1006afd8     capldll.obj
 0002:00011fe0       __ehfuncinfo$??$?0V?$_Tree_iterator@V?$_Tree_val@U?$_Tree_simple_types@U?$pair@$$CBKPAVVIACapl@@@std@@@std@@@std@@@std@@_NX@?$pair@V?$_Tree_iterator@V?$_Tree_val@U?$_Tree_simple_types@U?$pair@$$CBKPAVVIACapl@@@std@@@std@@@std@@@std@@_N@std@@QAE@$$QAV?$_Tree_iterator@V?$_Tree_val@U?$_Tree_simple_types@U?$pair@$$CBKPAVVIACapl@@@std@@@std@@@std@@@1@$$QA_N@Z 1006afe0     capldll.obj
 0002:00012004       __unwindtable$??$?0AAV?$_Tree_iterator@V?$_Tree_val@U?$_Tree_simple_types@U?$pair@$$CBKPAVVIACapl@@@std@@@std@@@std@@@std@@_NX@?$pair@V?$_Tree_iterator@V?$_Tree_val@U?$_Tree_simple_types@U?$pair@$$CBKPAVVIACapl@@@std@@@std@@@std@@@std@@_N@std@@QAE@AAV?$_Tree_iterator@V?$_Tree_val@U?$_Tree_simple_types@U?$pair@$$CBKPAVVIACapl@@@std@@@std@@@std@@@1@$$QA_N@Z 1006b004     capldll.obj
 0002:0001200c       __ehfuncinfo$??$?0AAV?$_Tree_iterator@V?$_Tree_val@U?$_Tree_simple_types@U?$pair@$$CBKPAVVIACapl@@@std@@@std@@@std@@@std@@_NX@?$pair@V?$_Tree_iterator@V?$_Tree_val@U?$_Tree_simple_types@U?$pair@$$CBKPAVVIACapl@@@std@@@std@@@std@@@std@@_N@std@@QAE@AAV?$_Tree_iterator@V?$_Tree_val@U?$_Tree_simple_types@U?$pair@$$CBKPAVVIACapl@@@std@@@std@@@std@@@1@$$QA_N@Z 1006b00c     capldll.obj
 0002:00012030       __unwindtable$??$construct@U?$pair@$$CBKPAVCaplInstanceData@@@std@@ABUpiecewise_construct_t@2@V?$tuple@ABK@2@V?$tuple@$$$V@2@@?$allocator@U?$_Tree_node@U?$pair@$$CBKPAVCaplInstanceData@@@std@@PAX@std@@@std@@QAEXPAU?$pair@$$CBKPAVCaplInstanceData@@@1@ABUpiecewise_construct_t@1@$$QAV?$tuple@ABK@1@$$QAV?$tuple@$$$V@1@@Z 1006b030     capldll.obj
 0002:00012038       __ehfuncinfo$??$construct@U?$pair@$$CBKPAVCaplInstanceData@@@std@@ABUpiecewise_construct_t@2@V?$tuple@ABK@2@V?$tuple@$$$V@2@@?$allocator@U?$_Tree_node@U?$pair@$$CBKPAVCaplInstanceData@@@std@@PAX@std@@@std@@QAEXPAU?$pair@$$CBKPAVCaplInstanceData@@@1@ABUpiecewise_construct_t@1@$$QAV?$tuple@ABK@1@$$QAV?$tuple@$$$V@1@@Z 1006b038     capldll.obj
 0002:0001205c       __unwindtable$??$construct@U?$pair@$$CBKPAVVIACapl@@@std@@ABUpiecewise_construct_t@2@V?$tuple@ABK@2@V?$tuple@$$$V@2@@?$allocator@U?$_Tree_node@U?$pair@$$CBKPAVVIACapl@@@std@@PAX@std@@@std@@QAEXPAU?$pair@$$CBKPAVVIACapl@@@1@ABUpiecewise_construct_t@1@$$QAV?$tuple@ABK@1@$$QAV?$tuple@$$$V@1@@Z 1006b05c     capldll.obj
 0002:00012064       __ehfuncinfo$??$construct@U?$pair@$$CBKPAVVIACapl@@@std@@ABUpiecewise_construct_t@2@V?$tuple@ABK@2@V?$tuple@$$$V@2@@?$allocator@U?$_Tree_node@U?$pair@$$CBKPAVVIACapl@@@std@@PAX@std@@@std@@QAEXPAU?$pair@$$CBKPAVVIACapl@@@1@ABUpiecewise_construct_t@1@$$QAV?$tuple@ABK@1@$$QAV?$tuple@$$$V@1@@Z 1006b064     capldll.obj
 0002:00012088       __unwindtable$??0?$_String_alloc@$0A@U?$_String_base_types@DV?$allocator@D@std@@@std@@@std@@QAE@ABV?$allocator@D@1@@Z 1006b088     libcpmtd:xthrow.obj
 0002:00012090       __ehfuncinfo$??0?$_String_alloc@$0A@U?$_String_base_types@DV?$allocator@D@std@@@std@@@std@@QAE@ABV?$allocator@D@1@@Z 1006b090     libcpmtd:xthrow.obj
 0002:000120b4       __unwindtable$??0?$basic_string@DU?$char_traits@D@std@@V?$allocator@D@2@@std@@QAE@PBD@Z 1006b0b4     libcpmtd:xthrow.obj
 0002:000120bc       __ehfuncinfo$??0?$basic_string@DU?$char_traits@D@std@@V?$allocator@D@2@@std@@QAE@PBD@Z 1006b0bc     libcpmtd:xthrow.obj
 0002:000120e0       __catchsym$?_Copy@?$basic_string@DU?$char_traits@D@std@@V?$allocator@D@2@@std@@QAEXII@Z$5 1006b0e0     libcpmtd:xthrow.obj
 0002:000120f0       __catchsym$?_Copy@?$basic_string@DU?$char_traits@D@std@@V?$allocator@D@2@@std@@QAEXII@Z$4 1006b0f0     libcpmtd:xthrow.obj
 0002:00012100       __unwindtable$?_Copy@?$basic_string@DU?$char_traits@D@std@@V?$allocator@D@2@@std@@QAEXII@Z 1006b100     libcpmtd:xthrow.obj
 0002:00012120       __ehfuncinfo$?_Copy@?$basic_string@DU?$char_traits@D@std@@V?$allocator@D@2@@std@@QAEXII@Z 1006b120     libcpmtd:xthrow.obj
 0002:00012144       __tryblocktable$?_Copy@?$basic_string@DU?$char_traits@D@std@@V?$allocator@D@2@@std@@QAEXII@Z 1006b144     libcpmtd:xthrow.obj
 0002:0001216c       __unwindtable$??$construct@PADAAPAD@?$allocator@D@std@@QAEXPAPADAAPAD@Z 1006b16c     libcpmtd:xthrow.obj
 0002:00012174       __ehfuncinfo$??$construct@PADAAPAD@?$allocator@D@std@@QAEXPAPADAAPAD@Z 1006b174     libcpmtd:xthrow.obj
 0002:000123a8       __sehtable$??3@YAXPAX@Z    1006b3a8     LIBCMTD:dbgdel.obj
 0002:000123c8       __sehtable$__onexit        1006b3c8     LIBCMTD:onexit.obj
 0002:000123e8       __sehtable$_printf         1006b3e8     LIBCMTD:printf.obj
 0002:00012408       __sehtable$__CrtSetReportHookW2 1006b408     LIBCMTD:dbgrptw.obj
 0002:00012428       __sehtable$__CRT_INIT@12   1006b428     LIBCMTD:dllcrt0.obj
 0002:00012448       __sehtable$___DllMainCRTStartup 1006b448     LIBCMTD:dllcrt0.obj
 0002:00012468       __sehtable$__mtinitlocknum 1006b468     LIBCMTD:mlock.obj
 0002:00012488       __sehtable$__realloc_dbg   1006b488     LIBCMTD:dbgheap.obj
 0002:000124a8       __sehtable$__expand_dbg    1006b4a8     LIBCMTD:dbgheap.obj
 0002:000124c8       __sehtable$__free_dbg      1006b4c8     LIBCMTD:dbgheap.obj
 0002:000124e8       __sehtable$__msize_dbg     1006b4e8     LIBCMTD:dbgheap.obj
 0002:00012508       __sehtable$__CrtCheckMemory 1006b508     LIBCMTD:dbgheap.obj
 0002:00012528       __sehtable$__CrtSetDbgFlag 1006b528     LIBCMTD:dbgheap.obj
 0002:00012548       __sehtable$__CrtDoForAllClientObjects 1006b548     LIBCMTD:dbgheap.obj
 0002:00012568       __sehtable$__CrtIsMemoryBlock 1006b568     LIBCMTD:dbgheap.obj
 0002:00012588       __sehtable$__CrtMemCheckpoint 1006b588     LIBCMTD:dbgheap.obj
 0002:000125a8       __sehtable$__CrtSetDbgBlockType 1006b5a8     LIBCMTD:dbgheap.obj
 0002:000125c8       __sehtable$__heap_alloc_dbg_impl 1006b5c8     LIBCMTD:dbgheap.obj
 0002:000125e8       __sehtable$?__crtIsBadReadPtr@@YAHPBXI@Z 1006b5e8     LIBCMTD:dbgheap.obj
 0002:00012608       __sehtable$?_CrtMemDumpAllObjectsSince_stat@@YAXPBU_CrtMemState@@PAUlocaleinfo_struct@@@Z 1006b608     LIBCMTD:dbgheap.obj
 0002:00012628       __sehtable$_doexit         1006b628     LIBCMTD:crt0dat.obj
 0002:00012644       __unwindtable$?x_ismbbtype_l@@YAHPAUlocaleinfo_struct@@IHH@Z 1006b644     LIBCMTD:ismbbyte.obj
 0002:0001264c       __ehfuncinfo$?x_ismbbtype_l@@YAHPAUlocaleinfo_struct@@IHH@Z 1006b64c     LIBCMTD:ismbbyte.obj
 0002:00012670       __sehtable$_vprintf_helper 1006b670     LIBCMTD:vprintf.obj
 0002:00012690       __sehtable$___set_fpsr_sse2 1006b690     LIBCMTD:fpctrl.obj
 0002:000126b0       __sehtable$_signal         1006b6b0     LIBCMTD:winsig.obj
 0002:000126d0       __sehtable$_raise          1006b6d0     LIBCMTD:winsig.obj
 0002:000126f0       __sehtable$_ctrlevent_capture@4 1006b6f0     LIBCMTD:winsig.obj
 0002:00012710       __sehtable$__VCrtDbgReportA 1006b710     LIBCMTD:dbgrptt.obj
 0002:00012738       __sehtable$__VCrtDbgReportW 1006b738     LIBCMTD:dbgrptt.obj
 0002:00012760       __sehtable$__freefls@4     1006b760     LIBCMTD:tidtable.obj
 0002:00012788       __sehtable$__initptd       1006b788     LIBCMTD:tidtable.obj
 0002:000127b0       __sehtable$?terminate@@YAXXZ 1006b7b0     LIBCMTD:hooks.obj
 0002:000127d0       __sehtable$?_inconsistency@@YAXXZ 1006b7d0     LIBCMTD:hooks.obj
 0002:000127f0       __sehtable$___FrameUnwindToState 1006b7f0     LIBCMTD:frame.obj
 0002:00012818       __sehtable$?CallCatchBlock@@YAPAXPAUEHExceptionRecord@@PAUEHRegistrationNode@@PAU_CONTEXT@@PBU_s_FuncInfo@@PAXHK@Z 1006b818     LIBCMTD:frame.obj
 0002:00012840       __sehtable$___BuildCatchObject 1006b840     LIBCMTD:frame.obj
 0002:00012860       __sehtable$___DestructExceptionObject 1006b860     LIBCMTD:frame.obj
 0002:0001287c       __catchsym$?CallUnexpected@@YAXPBU_s_ESTypeList@@@Z$2 1006b87c     LIBCMTD:frame.obj
 0002:0001288c       __unwindtable$?CallUnexpected@@YAXPBU_s_ESTypeList@@@Z 1006b88c     LIBCMTD:frame.obj
 0002:0001289c       __tryblocktable$?CallUnexpected@@YAXPBU_s_ESTypeList@@@Z 1006b89c     LIBCMTD:frame.obj
 0002:000128b0       __ehfuncinfo$?CallUnexpected@@YAXPBU_s_ESTypeList@@@Z 1006b8b0     LIBCMTD:frame.obj
 0002:000128d8       __sehtable$___BuildCatchObjectHelper 1006b8d8     LIBCMTD:frame.obj
 0002:00012930       __sehtable$?_Name_base@type_info@@CAPBDPBV1@PAU__type_info_node@@@Z 1006b930     LIBCMTD:typname.obj
 0002:00012950       __sehtable$?_Type_info_dtor@type_info@@CAXPAV1@@Z 1006b950     LIBCMTD:typname.obj
 0002:00012970       __sehtable$?_Name_base_internal@type_info@@CAPBDPBV1@PAU__type_info_node@@@Z 1006b970     LIBCMTD:typname.obj
 0002:00012990       __sehtable$?_Type_info_dtor_internal@type_info@@CAXPAV1@@Z 1006b990     LIBCMTD:typname.obj
 0002:000129b0       __sehtable$___clean_type_info_names_internal 1006b9b0     LIBCMTD:typname.obj
 0002:000129d0       __sehtable$__ioinit        1006b9d0     LIBCMTD:ioinit.obj
 0002:000129f0       __sehtable$___updatetlocinfo 1006b9f0     LIBCMTD:localref.obj
 0002:00012a10       __sehtable$___updatetmbcinfo 1006ba10     LIBCMTD:mbctype.obj
 0002:00012a30       __sehtable$__setmbcp       1006ba30     LIBCMTD:mbctype.obj
 0002:00012a4c       __unwindtable$?getSystemCP@@YAHH@Z 1006ba4c     LIBCMTD:mbctype.obj
 0002:00012a54       __ehfuncinfo$?getSystemCP@@YAHH@Z 1006ba54     LIBCMTD:mbctype.obj
 0002:00012a78       __sehtable$__CrtSetReportHook2 1006ba78     LIBCMTD:dbgrpt.obj
 0002:00012a98       __sehtable$__IsNonwritableInCurrentImage 1006ba98     LIBCMTD:pesect.obj
 0002:00012ab8       __sehtable$__fcloseall     1006bab8     LIBCMTD:closeall.obj
 0002:00012ad8       __sehtable$_fflush         1006bad8     LIBCMTD:fflush.obj
 0002:00012af8       __sehtable$_flsall         1006baf8     LIBCMTD:fflush.obj
 0002:00012b20       __sehtable$___unDName      1006bb20     LIBCMTD:undname.obj
 0002:00012b40       __sehtable$___unDNameEx    1006bb40     LIBCMTD:undname.obj
 0002:00012b5c       __unwindtable$?make@DNameStatusNode@@SAPAV1@W4DNameStatus@@@Z 1006bb5c     LIBCMTD:undname.obj
 0002:00012b64       __ehfuncinfo$?make@DNameStatusNode@@SAPAV1@W4DNameStatus@@@Z 1006bb64     LIBCMTD:undname.obj
 0002:00012b88       __sehtable$__get_current_locale 1006bb88     LIBCMTD:wsetloca.obj
 0002:00012bb0       __sehtable$__free_locale   1006bbb0     LIBCMTD:wsetloca.obj
 0002:00012bd8       __sehtable$__wsetlocale    1006bbd8     LIBCMTD:wsetloca.obj
 0002:00012c10       __sehtable$__locterm       1006bc10     LIBCMTD:wsetloca.obj
 0002:00012c30       __sehtable$_fclose         1006bc30     LIBCMTD:fclose.obj
 0002:00012c50       __sehtable$__commit        1006bc50     LIBCMTD:commit.obj
 0002:00012c70       __sehtable$__write         1006bc70     LIBCMTD:write.obj
 0002:00012c8c       __unwindtable$?strtoxl@@YAKPAUlocaleinfo_struct@@PBDPAPBDHH@Z 1006bc8c     LIBCMTD:strtol.obj
 0002:00012c94       __ehfuncinfo$?strtoxl@@YAKPAUlocaleinfo_struct@@PBDPAPBDHH@Z 1006bc94     LIBCMTD:strtol.obj
 0002:00012cb8       __sehtable$__lseeki64      1006bcb8     LIBCMTD:lseeki64.obj
 0002:00012cd8       __sehtable$_fputwc         1006bcd8     LIBCMTD:fputwc.obj
 0002:00012cf8       __sehtable$__close         1006bcf8     LIBCMTD:close.obj
 0002:00012d18       __sehtable$__alloc_osfhnd  1006bd18     LIBCMTD:osfinfo.obj
 0002:00012d40       __sehtable$___lock_fhandle 1006bd40     LIBCMTD:osfinfo.obj
 0002:00012d60       __sehtable$__open_osfhandle 1006bd60     LIBCMTD:osfinfo.obj
 0002:00012d80       __sehtable$__putwch        1006bd80     LIBCMTD:putwch.obj
 0002:00012d9c       __unwindtable$?strtoxq@@YA_KPAUlocaleinfo_struct@@PBDPAPBDHH@Z 1006bd9c     LIBCMTD:strtoq.obj
 0002:00012da4       __ehfuncinfo$?strtoxq@@YA_KPAUlocaleinfo_struct@@PBDPAPBDHH@Z 1006bda4     LIBCMTD:strtoq.obj
 0002:00012dc8       __unwindtable$?wcstoxq@@YA_KPAUlocaleinfo_struct@@PB_WPAPB_WHH@Z 1006bdc8     LIBCMTD:wcstoq.obj
 0002:00012dd0       __ehfuncinfo$?wcstoxq@@YA_KPAUlocaleinfo_struct@@PB_WPAPB_WHH@Z 1006bdd0     LIBCMTD:wcstoq.obj
 0002:00012e00       .edata                     1006be00     capldll.exp
 0002:00012e28       rgpv                       1006be28     capldll.exp
 0002:00012e4c       rgszName                   1006be4c     capldll.exp
 0002:00012e70       rgwOrd                     1006be70     capldll.exp
 0002:00012e82       szName                     1006be82     capldll.exp
 0002:00012e8e       $N00001                    1006be8e     capldll.exp
 0002:00012ea3       $N00002                    1006bea3     capldll.exp
 0002:00012eb3       $N00003                    1006beb3     capldll.exp
 0002:00012ec6       $N00004                    1006bec6     capldll.exp
 0002:00012ed9       $N00005                    1006bed9     capldll.exp
 0002:00012eea       $N00006                    1006beea     capldll.exp
 0002:00012f00       $N00007                    1006bf00     capldll.exp
 0002:00012f10       $N00008                    1006bf10     capldll.exp
 0002:00012f23       $N00009                    1006bf23     capldll.exp
 0002:00013104       .idata$6                   1006c104     kernel32:KERNEL32.dll
 0002:00013124       .idata$6                   1006c124     IPHLPAPI:IPHLPAPI.DLL
 0003:00001020       _init                      1006e020     libcpmtd:xlock.obj
 0003:00001030       _dotdotdot                 1006e030     LIBCMTD:dbgrptw.obj
 0003:00001048       __locktable                1006e048     LIBCMTD:mlock.obj
 0003:00001170       ?isPackaged@?1??__crtIsPackagedApp@@9@9 1006e170     LIBCMTD:winapisupp.obj
 0003:00001180       __lRequestCurr             1006e180     LIBCMTD:dbgheap.obj
 0003:00001184       __bNoMansLandFill          1006e184     LIBCMTD:dbgheap.obj
 0003:00001185       __bAlignLandFill           1006e185     LIBCMTD:dbgheap.obj
 0003:00001186       __bDeadLandFill            1006e186     LIBCMTD:dbgheap.obj
 0003:00001187       __bCleanLandFill           1006e187     LIBCMTD:dbgheap.obj
 0003:00001198       _errtable                  1006e198     LIBCMTD:dosmap.obj
 0003:00001300       _ErrnoNoMem                1006e300     LIBCMTD:dosmap.obj
 0003:00001304       _DoserrorNoMem             1006e304     LIBCMTD:dosmap.obj
 0003:00001590       _NAME_                     1006e590     LIBCMTD:sqrt.obj
 0003:000015c0       ?_names@?1??_get_fname@@9@9 1006e5c0     LIBCMTD:fpexcept.obj
 0003:000016a8       _over                      1006e6a8     LIBCMTD:fpctrl.obj
 0003:000016b4       _under                     1006e6b4     LIBCMTD:fpctrl.obj
 0003:000016c0       ?__DAZ_ENABLED@?1??__set_fpsr_sse2@@9@9 1006e6c0     LIBCMTD:fpctrl.obj
 0003:00001b88       ___rgctypeflag             1006eb88     LIBCMTD:mbctype.obj
 0003:00001b90       ___rgcode_page_info        1006eb90     LIBCMTD:mbctype.obj
 0003:00001c80       _dotdotdot                 1006ec80     LIBCMTD:dbgrpt.obj
 0003:00001f3c       __ctype_loc_style          1006ef3c     LIBCMTD:wsetloca.obj
 0003:00001f48       _DoubleFormat              1006ef48     LIBCMTD:intrncvt.obj
 0003:00001f60       _FloatFormat               1006ef60     LIBCMTD:intrncvt.obj
 0003:00002580       _data                      1006f580     capldll.obj
 0003:00002584       _mac1                      1006f584     capldll.obj
 0003:00002588       _mac2                      1006f588     capldll.obj
 0003:00002690       __Tuple_alloc              1006f690     capldll.obj
 0003:00002691       _ignore                    1006f691     capldll.obj
 0003:00002692       _allocator_arg             1006f692     capldll.obj
 0003:00002693       _piecewise_construct       1006f693     capldll.obj
 0003:000026b0       _initlocks                 1006f6b0     libcpmtd:xlock.obj
 0003:000026b8       _mtx                       1006f6b8     libcpmtd:xlock.obj
 0003:00002718       __Tuple_alloc              1006f718     libcpmtd:xthrow.obj
 0003:00002719       _ignore                    1006f719     libcpmtd:xthrow.obj
 0003:0000271a       _allocator_arg             1006f71a     libcpmtd:xthrow.obj
 0003:0000271b       _piecewise_construct       1006f71b     libcpmtd:xthrow.obj
 0003:00002738       _allocator_arg             1006f738     libcpmtd:syserror.obj
 0003:00002739       _piecewise_construct       1006f739     libcpmtd:syserror.obj
 0003:00002740       ___enable_percent_n        1006f740     LIBCMTD:printf.obj
 0003:00002748       ___proc_attached           1006f748     LIBCMTD:dllcrt0.obj
 0003:00002758       _lclcritsects              1006f758     LIBCMTD:mlock.obj
 0003:000028c8       _check_frequency           1006f8c8     LIBCMTD:dbgheap.obj
 0003:000028d0       _check_counter             1006f8d0     LIBCMTD:dbgheap.obj
 0003:000028d4       __lTotalAlloc              1006f8d4     LIBCMTD:dbgheap.obj
 0003:000028d8       __lCurAlloc                1006f8d8     LIBCMTD:dbgheap.obj
 0003:000028dc       __lMaxAlloc                1006f8dc     LIBCMTD:dbgheap.obj
 0003:000028e0       __pFirstBlock              1006f8e0     LIBCMTD:dbgheap.obj
 0003:000028e4       __pLastBlock               1006f8e4     LIBCMTD:dbgheap.obj
 0003:00002930       _GS_ExceptionRecord        1006f930     LIBCMTD:gs_report.obj
 0003:00002980       _GS_ContextRecord          1006f980     LIBCMTD:gs_report.obj
 0003:00002c4c       _DebuggerWasPresent        1006fc4c     LIBCMTD:gs_report.obj
 0003:00002c50       _ctrlc_action              1006fc50     LIBCMTD:winsig.obj
 0003:00002c54       _ctrlbreak_action          1006fc54     LIBCMTD:winsig.obj
 0003:00002c58       _abort_action              1006fc58     LIBCMTD:winsig.obj
 0003:00002c5c       _term_action               1006fc5c     LIBCMTD:winsig.obj
 0003:00002c60       _ConsoleCtrlHandler_Installed 1006fc60     LIBCMTD:winsig.obj
 0003:00002c64       ?pfnGetLastActivePopup@?1??__crtMessageBoxW@@9@9 1006fc64     LIBCMTD:crtmboxw.obj
 0003:00002c68       ?pfnGetProcessWindowStation@?1??__crtMessageBoxW@@9@9 1006fc68     LIBCMTD:crtmboxw.obj
 0003:00002c6c       ?pfnGetUserObjectInformation@?1??__crtMessageBoxW@@9@9 1006fc6c     LIBCMTD:crtmboxw.obj
 0003:00002c70       ?pfnMessageBox@?1??__crtMessageBoxW@@9@9 1006fc70     LIBCMTD:crtmboxw.obj
 0003:00002c74       ?pfnGetActiveWindow@?1??__crtMessageBoxW@@9@9 1006fc74     LIBCMTD:crtmboxw.obj
 0003:00002c80       ___type_info_root_node     1006fc80     LIBCMTD:typname.obj
 0003:00002d90       ?_pgmname@?1??_setargv@@9@9 1006fd90     LIBCMTD:stdargv.obj
 0003:00002ea0       ?outmsg@?M@??_NMSG_WRITE@@9@9 1006fea0     LIBCMTD:crt0msg.obj
 0003:000034e8       _fSystemSet                100704e8     LIBCMTD:mbctype.obj
 0003:000034ec       _g_pfnRtlGenRandom         100704ec     LIBCMTD:rand_s.obj
 0003:00003518       _heap                      10070518     LIBCMTD:undname.obj
 0003:00003530       ?buf@?1??dbGetString@DName@@QBEPADXZ@4PADA 10070530     LIBCMTD:undname.obj
 0003:000035bc       ___crtCallProc             100705bc     LIBCMTD:winapinls.obj
 0004:00000060       $R000000                   10072060     * linker generated manifest res *
